<html>
<body>
<pre>
<h1>礦ision Build Log</h1>
<h2>Project:</h2>
E:\科研\华禹\资料\一代资料\发射端资料\Trans_-Resistor\Tx_Contr_Final\MDK-ARM\Tx_Contr_Final.uvprojx
Project File Date:  07/06/2019

<h2>Output:</h2>
Rebuild target 'Tx_Contr_Final'
assembling startup_stm32f103xe.s...
compiling main.c...
compiling gpio.c...
compiling usart.c...
compiling stm32f1xx_it.c...
compiling tim.c...
compiling adc.c...
compiling dma.c...
compiling stm32f1xx_hal_msp.c...
compiling iwdg.c...
compiling system_stm32f1xx.c...
compiling stm32f1xx_hal_tim.c...
compiling stm32f1xx_hal_rcc.c...
compiling stm32f1xx_hal.c...
compiling stm32f1xx_hal_rcc_ex.c...
compiling stm32f1xx_hal_gpio.c...
compiling stm32f1xx_hal_tim_ex.c...
compiling stm32f1xx_hal_adc.c...
compiling stm32f1xx_hal_adc_ex.c...
compiling stm32f1xx_hal_gpio_ex.c...
compiling stm32f1xx_hal_flash.c...
compiling stm32f1xx_hal_flash_ex.c...
compiling stm32f1xx_hal_pwr.c...
compiling stm32f1xx_hal_dma.c...
compiling stm32f1xx_hal_uart.c...
compiling stm32f1xx_hal_cortex.c...
compiling stm32f1xx_hal_iwdg.c...
linking...
Program Size: Code=18152 RO-data=360 RW-data=240 ZI-data=1688  
FromELF: creating hex file...
"Tx_Contr_Final\Tx_Contr_Final.axf" - 0 Error(s), 0 Warning(s).

<h2>Software Packages used:</h2>

Package Vendor: ARM
                http://www.keil.com/pack/ARM.CMSIS.3.20.3.pack
                ARM::CMSIS:CORE:3.20.0
                Cortex Microcontroller Software Interface Standard (CMSIS) CORE, DSP, RTOS, Driver
   * Component: CORE Version: 3.20.0

<h2>Collection of Component include folders:</h2>
  E:\科研\华禹\资料\一代资料\发射端资料\Trans_-Resistor\Tx_Contr_Final\MDK-ARM\RTE
  E:\Keil5\ARM\PACK\ARM\CMSIS\3.20.3\CMSIS\Include\

<h2>Collection of Component Files used:</h2>

   * Component: ARM::CMSIS:CORE:3.20.0
</pre>
</body>
</html>
