Component: ARM Compiler 5.06 update 4 (build 422) Tool: armlink [4d35d2]

==============================================================================

Section Cross References

    startup_stm32f103xe.o(RESET) refers to startup_stm32f103xe.o(STACK) for __initial_sp
    startup_stm32f103xe.o(RESET) refers to startup_stm32f103xe.o(.text) for Reset_Handler
    startup_stm32f103xe.o(RESET) refers to stm32f1xx_it.o(i.NMI_Handler) for NMI_Handler
    startup_stm32f103xe.o(RESET) refers to stm32f1xx_it.o(i.HardFault_Handler) for HardFault_Handler
    startup_stm32f103xe.o(RESET) refers to stm32f1xx_it.o(i.MemManage_Handler) for MemManage_Handler
    startup_stm32f103xe.o(RESET) refers to stm32f1xx_it.o(i.BusFault_Handler) for BusFault_Handler
    startup_stm32f103xe.o(RESET) refers to stm32f1xx_it.o(i.UsageFault_Handler) for UsageFault_Handler
    startup_stm32f103xe.o(RESET) refers to stm32f1xx_it.o(i.SVC_Handler) for SVC_Handler
    startup_stm32f103xe.o(RESET) refers to stm32f1xx_it.o(i.DebugMon_Handler) for DebugMon_Handler
    startup_stm32f103xe.o(RESET) refers to stm32f1xx_it.o(i.PendSV_Handler) for PendSV_Handler
    startup_stm32f103xe.o(RESET) refers to stm32f1xx_it.o(i.SysTick_Handler) for SysTick_Handler
    startup_stm32f103xe.o(RESET) refers to stm32f1xx_it.o(i.DMA1_Channel1_IRQHandler) for DMA1_Channel1_IRQHandler
    startup_stm32f103xe.o(RESET) refers to stm32f1xx_it.o(i.DMA1_Channel2_IRQHandler) for DMA1_Channel2_IRQHandler
    startup_stm32f103xe.o(RESET) refers to stm32f1xx_it.o(i.ADC1_2_IRQHandler) for ADC1_2_IRQHandler
    startup_stm32f103xe.o(RESET) refers to stm32f1xx_it.o(i.TIM2_IRQHandler) for TIM2_IRQHandler
    startup_stm32f103xe.o(RESET) refers to stm32f1xx_it.o(i.USART3_IRQHandler) for USART3_IRQHandler
    startup_stm32f103xe.o(RESET) refers to stm32f1xx_it.o(i.TIM5_IRQHandler) for TIM5_IRQHandler
    startup_stm32f103xe.o(.text) refers to system_stm32f1xx.o(i.SystemInit) for SystemInit
    startup_stm32f103xe.o(.text) refers to entry.o(.ARM.Collect$$$$00000000) for __main
    main.o(i.All_Data_Trans_Packing) refers to main.o(.bss) for .bss
    main.o(i.All_Data_Trans_Packing) refers to main.o(.data) for .data
    main.o(i.Charging_Preparing) refers to stm32f1xx_hal_tim.o(i.HAL_TIM_Base_Start_IT) for HAL_TIM_Base_Start_IT
    main.o(i.Charging_Preparing) refers to stm32f1xx_hal_tim.o(i.HAL_TIM_OC_Start_IT) for HAL_TIM_OC_Start_IT
    main.o(i.Charging_Preparing) refers to main.o(.data) for .data
    main.o(i.Charging_Preparing) refers to tim.o(.bss) for htim1
    main.o(i.Charging_Stopping) refers to stm32f1xx_hal.o(i.HAL_Delay) for HAL_Delay
    main.o(i.Charging_Stopping) refers to stm32f1xx_hal_tim.o(i.HAL_TIM_Base_Stop_IT) for HAL_TIM_Base_Stop_IT
    main.o(i.Charging_Stopping) refers to stm32f1xx_hal_tim.o(i.HAL_TIM_OC_Stop_IT) for HAL_TIM_OC_Stop_IT
    main.o(i.Charging_Stopping) refers to main.o(.data) for .data
    main.o(i.Charging_Stopping) refers to tim.o(.bss) for htim5
    main.o(i.Data_Decode) refers to main.o(i.Decode_First) for Decode_First
    main.o(i.Data_Decode) refers to main.o(i.Decode_Second) for Decode_Second
    main.o(i.Data_Decode) refers to main.o(i.Decode_Third) for Decode_Third
    main.o(i.Data_Decode) refers to main.o(.data) for .data
    main.o(i.Decode_First) refers to stm32f1xx_hal_gpio.o(i.HAL_GPIO_TogglePin) for HAL_GPIO_TogglePin
    main.o(i.Decode_First) refers to main.o(.data) for .data
    main.o(i.Decode_Second) refers to stm32f1xx_hal_gpio.o(i.HAL_GPIO_TogglePin) for HAL_GPIO_TogglePin
    main.o(i.Decode_Second) refers to main.o(.data) for .data
    main.o(i.Decode_Third) refers to stm32f1xx_hal_gpio.o(i.HAL_GPIO_TogglePin) for HAL_GPIO_TogglePin
    main.o(i.Decode_Third) refers to main.o(.data) for .data
    main.o(i.Fault_Data_Trans_Packing) refers to main.o(.bss) for .bss
    main.o(i.Fault_Data_Trans_Packing) refers to main.o(.data) for .data
    main.o(i.Fault_Field_Save) refers to main.o(.data) for .data
    main.o(i.Frequency_Data_Trans_Packing) refers to main.o(.bss) for .bss
    main.o(i.Frequency_Data_Trans_Packing) refers to main.o(.data) for .data
    main.o(i.Frequency_Scan) refers to stm32f1xx_hal_tim.o(i.HAL_TIM_Base_Start_IT) for HAL_TIM_Base_Start_IT
    main.o(i.Frequency_Scan) refers to stm32f1xx_hal_tim.o(i.HAL_TIM_OC_Start_IT) for HAL_TIM_OC_Start_IT
    main.o(i.Frequency_Scan) refers to stm32f1xx_hal.o(i.HAL_Delay) for HAL_Delay
    main.o(i.Frequency_Scan) refers to stm32f1xx_hal_tim.o(i.HAL_TIM_Base_Stop_IT) for HAL_TIM_Base_Stop_IT
    main.o(i.Frequency_Scan) refers to stm32f1xx_hal_tim.o(i.HAL_TIM_OC_Stop_IT) for HAL_TIM_OC_Stop_IT
    main.o(i.Frequency_Scan) refers to main.o(i.Fault_Field_Save) for Fault_Field_Save
    main.o(i.Frequency_Scan) refers to main.o(i.Charging_Preparing) for Charging_Preparing
    main.o(i.Frequency_Scan) refers to main.o(.data) for .data
    main.o(i.Frequency_Scan) refers to tim.o(.bss) for htim1
[...]
    Removing stm32f1xx_hal_pwr.o(i.HAL_PWR_EnterSTOPMode), (68 bytes).
    Removing stm32f1xx_hal_pwr.o(i.HAL_PWR_PVDCallback), (2 bytes).
    Removing stm32f1xx_hal_pwr.o(i.HAL_PWR_PVD_IRQHandler), (28 bytes).
    Removing stm32f1xx_hal_pwr.o(i.PWR_OverloadWfe), (6 bytes).
    Removing stm32f1xx_hal_dma.o(.rev16_text), (4 bytes).
    Removing stm32f1xx_hal_dma.o(.revsh_text), (4 bytes).
    Removing stm32f1xx_hal_dma.o(.rrx_text), (6 bytes).
    Removing stm32f1xx_hal_dma.o(i.HAL_DMA_Abort), (86 bytes).
    Removing stm32f1xx_hal_dma.o(i.HAL_DMA_DeInit), (680 bytes).
    Removing stm32f1xx_hal_dma.o(i.HAL_DMA_GetError), (4 bytes).
    Removing stm32f1xx_hal_dma.o(i.HAL_DMA_GetState), (6 bytes).
    Removing stm32f1xx_hal_dma.o(i.HAL_DMA_PollForTransfer), (1148 bytes).
    Removing stm32f1xx_hal_dma.o(i.HAL_DMA_Start), (58 bytes).
    Removing stm32f1xx_hal_uart.o(.rev16_text), (4 bytes).
    Removing stm32f1xx_hal_uart.o(.revsh_text), (4 bytes).
    Removing stm32f1xx_hal_uart.o(.rrx_text), (6 bytes).
    Removing stm32f1xx_hal_uart.o(i.HAL_HalfDuplex_EnableReceiver), (46 bytes).
    Removing stm32f1xx_hal_uart.o(i.HAL_HalfDuplex_EnableTransmitter), (48 bytes).
    Removing stm32f1xx_hal_uart.o(i.HAL_HalfDuplex_Init), (104 bytes).
    Removing stm32f1xx_hal_uart.o(i.HAL_LIN_Init), (118 bytes).
    Removing stm32f1xx_hal_uart.o(i.HAL_LIN_SendBreak), (44 bytes).
    Removing stm32f1xx_hal_uart.o(i.HAL_MultiProcessor_EnterMuteMode), (44 bytes).
    Removing stm32f1xx_hal_uart.o(i.HAL_MultiProcessor_ExitMuteMode), (44 bytes).
    Removing stm32f1xx_hal_uart.o(i.HAL_MultiProcessor_Init), (126 bytes).
    Removing stm32f1xx_hal_uart.o(i.HAL_UART_DMAPause), (90 bytes).
    Removing stm32f1xx_hal_uart.o(i.HAL_UART_DMAResume), (104 bytes).
    Removing stm32f1xx_hal_uart.o(i.HAL_UART_DMAStop), (40 bytes).
    Removing stm32f1xx_hal_uart.o(i.HAL_UART_DeInit), (60 bytes).
    Removing stm32f1xx_hal_uart.o(i.HAL_UART_GetError), (4 bytes).
    Removing stm32f1xx_hal_uart.o(i.HAL_UART_MspDeInit), (2 bytes).
    Removing stm32f1xx_hal_uart.o(i.HAL_UART_MspInit), (2 bytes).
    Removing stm32f1xx_hal_uart.o(i.HAL_UART_Receive), (204 bytes).
    Removing stm32f1xx_hal_uart.o(i.HAL_UART_Receive_DMA), (136 bytes).
    Removing stm32f1xx_hal_uart.o(i.HAL_UART_RxCpltCallback), (2 bytes).
    Removing stm32f1xx_hal_uart.o(i.HAL_UART_RxHalfCpltCallback), (2 bytes).
    Removing stm32f1xx_hal_uart.o(i.HAL_UART_Transmit), (204 bytes).
    Removing stm32f1xx_hal_uart.o(i.HAL_UART_Transmit_IT), (86 bytes).
    Removing stm32f1xx_hal_uart.o(i.HAL_UART_TxCpltCallback), (2 bytes).
    Removing stm32f1xx_hal_uart.o(i.UART_DMAReceiveCplt), (54 bytes).
    Removing stm32f1xx_hal_uart.o(i.UART_DMARxHalfCplt), (10 bytes).
    Removing stm32f1xx_hal_uart.o(i.UART_WaitOnFlagUntilTimeout), (146 bytes).
    Removing stm32f1xx_hal_cortex.o(.rev16_text), (4 bytes).
    Removing stm32f1xx_hal_cortex.o(.revsh_text), (4 bytes).
    Removing stm32f1xx_hal_cortex.o(.rrx_text), (6 bytes).
    Removing stm32f1xx_hal_cortex.o(i.HAL_NVIC_ClearPendingIRQ), (22 bytes).
    Removing stm32f1xx_hal_cortex.o(i.HAL_NVIC_DisableIRQ), (22 bytes).
    Removing stm32f1xx_hal_cortex.o(i.HAL_NVIC_GetActive), (32 bytes).
    Removing stm32f1xx_hal_cortex.o(i.HAL_NVIC_GetPendingIRQ), (32 bytes).
    Removing stm32f1xx_hal_cortex.o(i.HAL_NVIC_GetPriority), (82 bytes).
    Removing stm32f1xx_hal_cortex.o(i.HAL_NVIC_GetPriorityGrouping), (16 bytes).
    Removing stm32f1xx_hal_cortex.o(i.HAL_NVIC_SetPendingIRQ), (22 bytes).
    Removing stm32f1xx_hal_cortex.o(i.HAL_NVIC_SystemReset), (36 bytes).
    Removing stm32f1xx_hal_cortex.o(i.HAL_SYSTICK_Callback), (2 bytes).
    Removing stm32f1xx_hal_iwdg.o(.rev16_text), (4 bytes).
    Removing stm32f1xx_hal_iwdg.o(.revsh_text), (4 bytes).
    Removing stm32f1xx_hal_iwdg.o(.rrx_text), (6 bytes).
    Removing stm32f1xx_hal_iwdg.o(i.HAL_IWDG_GetState), (4 bytes).

341 unused section(s) (total 20490 bytes) removed from the image.

==============================================================================

Image Symbol Table

    Local Symbols

    Symbol Name                              Value     Ov Type        Size  Object(Section)

    ../Drivers/STM32F1xx_HAL_Driver/Src/stm32f1xx_hal.c 0x00000000   Number         0  stm32f1xx_hal.o ABSOLUTE
    ../Drivers/STM32F1xx_HAL_Driver/Src/stm32f1xx_hal_adc.c 0x00000000   Number         0  stm32f1xx_hal_adc.o ABSOLUTE
    ../Drivers/STM32F1xx_HAL_Driver/Src/stm32f1xx_hal_adc_ex.c 0x00000000   Number         0  stm32f1xx_hal_adc_ex.o ABSOLUTE
    ../Drivers/STM32F1xx_HAL_Driver/Src/stm32f1xx_hal_cortex.c 0x00000000   Number         0  stm32f1xx_hal_cortex.o ABSOLUTE
    ../Drivers/STM32F1xx_HAL_Driver/Src/stm32f1xx_hal_dma.c 0x00000000   Number         0  stm32f1xx_hal_dma.o ABSOLUTE
    ../Drivers/STM32F1xx_HAL_Driver/Src/stm32f1xx_hal_flash.c 0x00000000   Number         0  stm32f1xx_hal_flash.o ABSOLUTE
    ../Drivers/STM32F1xx_HAL_Driver/Src/stm32f1xx_hal_flash_ex.c 0x00000000   Number         0  stm32f1xx_hal_flash_ex.o ABSOLUTE
    ../Drivers/STM32F1xx_HAL_Driver/Src/stm32f1xx_hal_gpio.c 0x00000000   Number         0  stm32f1xx_hal_gpio.o ABSOLUTE
    ../Drivers/STM32F1xx_HAL_Driver/Src/stm32f1xx_hal_gpio_ex.c 0x00000000   Number         0  stm32f1xx_hal_gpio_ex.o ABSOLUTE
    ../Drivers/STM32F1xx_HAL_Driver/Src/stm32f1xx_hal_iwdg.c 0x00000000   Number         0  stm32f1xx_hal_iwdg.o ABSOLUTE
    ../Drivers/STM32F1xx_HAL_Driver/Src/stm32f1xx_hal_pwr.c 0x00000000   Number         0  stm32f1xx_hal_pwr.o ABSOLUTE
    ../Drivers/STM32F1xx_HAL_Driver/Src/stm32f1xx_hal_rcc.c 0x00000000   Number         0  stm32f1xx_hal_rcc.o ABSOLUTE
    ../Drivers/STM32F1xx_HAL_Driver/Src/stm32f1xx_hal_rcc_ex.c 0x00000000   Number         0  stm32f1xx_hal_rcc_ex.o ABSOLUTE
    ../Drivers/STM32F1xx_HAL_Driver/Src/stm32f1xx_hal_tim.c 0x00000000   Number         0  stm32f1xx_hal_tim.o ABSOLUTE
    ../Drivers/STM32F1xx_HAL_Driver/Src/stm32f1xx_hal_tim_ex.c 0x00000000   Number         0  stm32f1xx_hal_tim_ex.o ABSOLUTE
    ../Drivers/STM32F1xx_HAL_Driver/Src/stm32f1xx_hal_uart.c 0x00000000   Number         0  stm32f1xx_hal_uart.o ABSOLUTE
    ../Src/adc.c                             0x00000000   Number         0  adc.o ABSOLUTE
    ../Src/dma.c                             0x00000000   Number         0  dma.o ABSOLUTE
    ../Src/gpio.c                            0x00000000   Number         0  gpio.o ABSOLUTE
    ../Src/iwdg.c                            0x00000000   Number         0  iwdg.o ABSOLUTE
    ../Src/main.c                            0x00000000   Number         0  main.o ABSOLUTE
    ../Src/stm32f1xx_hal_msp.c               0x00000000   Number         0  stm32f1xx_hal_msp.o ABSOLUTE
    ../Src/stm32f1xx_it.c                    0x00000000   Number         0  stm32f1xx_it.o ABSOLUTE
    ../Src/system_stm32f1xx.c                0x00000000   Number         0  system_stm32f1xx.o ABSOLUTE
    ../Src/tim.c                             0x00000000   Number         0  tim.o ABSOLUTE
    ../Src/usart.c                           0x00000000   Number         0  usart.o ABSOLUTE
    ../clib/microlib/init/entry.s            0x00000000   Number         0  entry.o ABSOLUTE
    ../clib/microlib/init/entry.s            0x00000000   Number         0  entry8a.o ABSOLUTE
    ../clib/microlib/init/entry.s            0x00000000   Number         0  entry11b.o ABSOLUTE
    ../clib/microlib/init/entry.s            0x00000000   Number         0  entry11a.o ABSOLUTE
    ../clib/microlib/init/entry.s            0x00000000   Number         0  entry10b.o ABSOLUTE
    ../clib/microlib/init/entry.s            0x00000000   Number         0  entry10a.o ABSOLUTE
    ../clib/microlib/init/entry.s            0x00000000   Number         0  entry9b.o ABSOLUTE
    ../clib/microlib/init/entry.s            0x00000000   Number         0  entry9a.o ABSOLUTE
    ../clib/microlib/init/entry.s            0x00000000   Number         0  entry8b.o ABSOLUTE
    ../clib/microlib/init/entry.s            0x00000000   Number         0  entry7b.o ABSOLUTE
    ../clib/microlib/init/entry.s            0x00000000   Number         0  entry7a.o ABSOLUTE
    ../clib/microlib/init/entry.s            0x00000000   Number         0  entry5.o ABSOLUTE
    ../clib/microlib/init/entry.s            0x00000000   Number         0  entry2.o ABSOLUTE
    ../clib/microlib/longlong.c              0x00000000   Number         0  llsshr.o ABSOLUTE
    ../clib/microlib/longlong.c              0x00000000   Number         0  llshl.o ABSOLUTE
    ../clib/microlib/longlong.c              0x00000000   Number         0  llushr.o ABSOLUTE
    ../clib/microlib/stubs.s                 0x00000000   Number         0  iusefp.o ABSOLUTE
    ../fplib/microlib/fpadd.c                0x00000000   Number         0  dadd.o ABSOLUTE
    ../fplib/microlib/fpdiv.c                0x00000000   Number         0  ddiv.o ABSOLUTE
    ../fplib/microlib/fpepilogue.c           0x00000000   Number         0  depilogue.o ABSOLUTE
    ../fplib/microlib/fpflt.c                0x00000000   Number         0  dfltui.o ABSOLUTE
    ../fplib/microlib/fpflt.c                0x00000000   Number         0  dflti.o ABSOLUTE
    ../fplib/microlib/fpmul.c                0x00000000   Number         0  dmul.o ABSOLUTE
    ..\Drivers\STM32F1xx_HAL_Driver\Src\stm32f1xx_hal.c 0x00000000   Number         0  stm32f1xx_hal.o ABSOLUTE
    ..\Drivers\STM32F1xx_HAL_Driver\Src\stm32f1xx_hal_adc.c 0x00000000   Number         0  stm32f1xx_hal_adc.o ABSOLUTE
    ..\Drivers\STM32F1xx_HAL_Driver\Src\stm32f1xx_hal_adc_ex.c 0x00000000   Number         0  stm32f1xx_hal_adc_ex.o ABSOLUTE
    ..\Drivers\STM32F1xx_HAL_Driver\Src\stm32f1xx_hal_cortex.c 0x00000000   Number         0  stm32f1xx_hal_cortex.o ABSOLUTE
    ..\Drivers\STM32F1xx_HAL_Driver\Src\stm32f1xx_hal_dma.c 0x00000000   Number         0  stm32f1xx_hal_dma.o ABSOLUTE
    ..\Drivers\STM32F1xx_HAL_Driver\Src\stm32f1xx_hal_flash.c 0x00000000   Number         0  stm32f1xx_hal_flash.o ABSOLUTE
    ..\Drivers\STM32F1xx_HAL_Driver\Src\stm32f1xx_hal_flash_ex.c 0x00000000   Number         0  stm32f1xx_hal_flash_ex.o ABSOLUTE
    ..\Drivers\STM32F1xx_HAL_Driver\Src\stm32f1xx_hal_gpio.c 0x00000000   Number         0  stm32f1xx_hal_gpio.o ABSOLUTE
    ..\Drivers\STM32F1xx_HAL_Driver\Src\stm32f1xx_hal_gpio_ex.c 0x00000000   Number         0  stm32f1xx_hal_gpio_ex.o ABSOLUTE
    ..\Drivers\STM32F1xx_HAL_Driver\Src\stm32f1xx_hal_iwdg.c 0x00000000   Number         0  stm32f1xx_hal_iwdg.o ABSOLUTE
    ..\Drivers\STM32F1xx_HAL_Driver\Src\stm32f1xx_hal_pwr.c 0x00000000   Number         0  stm32f1xx_hal_pwr.o ABSOLUTE
    ..\Drivers\STM32F1xx_HAL_Driver\Src\stm32f1xx_hal_rcc.c 0x00000000   Number         0  stm32f1xx_hal_rcc.o ABSOLUTE
    ..\Drivers\STM32F1xx_HAL_Driver\Src\stm32f1xx_hal_rcc_ex.c 0x00000000   Number         0  stm32f1xx_hal_rcc_ex.o ABSOLUTE
    ..\Drivers\STM32F1xx_HAL_Driver\Src\stm32f1xx_hal_tim.c 0x00000000   Number         0  stm32f1xx_hal_tim.o ABSOLUTE
    ..\Drivers\STM32F1xx_HAL_Driver\Src\stm32f1xx_hal_tim_ex.c 0x00000000   Number         0  stm32f1xx_hal_tim_ex.o ABSOLUTE
    ..\Drivers\STM32F1xx_HAL_Driver\Src\stm32f1xx_hal_uart.c 0x00000000   Number         0  stm32f1xx_hal_uart.o ABSOLUTE
    ..\Src\adc.c                             0x00000000   Number         0  adc.o ABSOLUTE
    ..\Src\dma.c                             0x00000000   Number         0  dma.o ABSOLUTE
    ..\Src\gpio.c                            0x00000000   Number         0  gpio.o ABSOLUTE
    ..\Src\iwdg.c                            0x00000000   Number         0  iwdg.o ABSOLUTE
    ..\Src\main.c                            0x00000000   Number         0  main.o ABSOLUTE
    ..\Src\stm32f1xx_hal_msp.c               0x00000000   Number         0  stm32f1xx_hal_msp.o ABSOLUTE
    ..\Src\stm32f1xx_it.c                    0x00000000   Number         0  stm32f1xx_it.o ABSOLUTE
    ..\Src\system_stm32f1xx.c                0x00000000   Number         0  system_stm32f1xx.o ABSOLUTE
    ..\Src\tim.c                             0x00000000   Number         0  tim.o ABSOLUTE
    ..\Src\usart.c                           0x00000000   Number         0  usart.o ABSOLUTE
    cdcmple.s                                0x00000000   Number         0  cdcmple.o ABSOLUTE
    cdrcmple.s                               0x00000000   Number         0  cdrcmple.o ABSOLUTE
    dc.s                                     0x00000000   Number         0  dc.o ABSOLUTE
    handlers.s                               0x00000000   Number         0  handlers.o ABSOLUTE
    init.s                                   0x00000000   Number         0  init.o ABSOLUTE
    startup_stm32f103xe.s                    0x00000000   Number         0  startup_stm32f103xe.o ABSOLUTE
    RESET                                    0x08000000   Section      304  startup_stm32f103xe.o(RESET)
    .ARM.Collect$$$$00000000                 0x08000130   Section        0  entry.o(.ARM.Collect$$$$00000000)
    .ARM.Collect$$$$00000001                 0x08000130   Section        4  entry2.o(.ARM.Collect$$$$00000001)
    .ARM.Collect$$$$00000004                 0x08000134   Section        4  entry5.o(.ARM.Collect$$$$00000004)
    .ARM.Collect$$$$00000008                 0x08000138   Section        0  entry7b.o(.ARM.Collect$$$$00000008)
    .ARM.Collect$$$$0000000A                 0x08000138   Section        0  entry8b.o(.ARM.Collect$$$$0000000A)
    .ARM.Collect$$$$0000000B                 0x08000138   Section        8  entry9a.o(.ARM.Collect$$$$0000000B)
    .ARM.Collect$$$$0000000D                 0x08000140   Section        0  entry10a.o(.ARM.Collect$$$$0000000D)
    .ARM.Collect$$$$0000000F                 0x08000140   Section        0  entry11a.o(.ARM.Collect$$$$0000000F)
    .ARM.Collect$$$$00002712                 0x08000140   Section        4  entry2.o(.ARM.Collect$$$$00002712)
    __lit__00000000                          0x08000140   Data           4  entry2.o(.ARM.Collect$$$$00002712)
    .text                                    0x08000144   Section       36  startup_stm32f103xe.o(.text)
    .text                                    0x08000168   Section        0  llushr.o(.text)
    .text                                    0x08000188   Section        0  dadd.o(.text)
    .text                                    0x080002d6   Section        0  dmul.o(.text)
    .text                                    0x080003ba   Section        0  ddiv.o(.text)
    .text                                    0x08000498   Section        0  dflti.o(.text)
    .text                                    0x080004ba   Section        0  dfltui.o(.text)
    .text                                    0x080004d4   Section       48  cdcmple.o(.text)
    .text                                    0x08000504   Section       48  cdrcmple.o(.text)
    .text                                    0x08000534   Section        0  llshl.o(.text)
    .text                                    0x08000552   Section        0  llsshr.o(.text)
    .text                                    0x08000576   Section        0  iusefp.o(.text)
    .text                                    0x08000576   Section        0  depilogue.o(.text)
    .text                                    0x08000630   Section       36  init.o(.text)
    i.ADC1_2_IRQHandler                      0x08000654   Section        0  stm32f1xx_it.o(i.ADC1_2_IRQHandler)
    i.ADC_ConversionStop_Disable             0x08000660   Section        0  stm32f1xx_hal_adc.o(i.ADC_ConversionStop_Disable)
    i.ADC_DMAConvCplt                        0x080006ac   Section        0  stm32f1xx_hal_adc.o(i.ADC_DMAConvCplt)
    i.ADC_DMAError                           0x080006fa   Section        0  stm32f1xx_hal_adc.o(i.ADC_DMAError)
    i.ADC_DMAHalfConvCplt                    0x08000714   Section        0  stm32f1xx_hal_adc.o(i.ADC_DMAHalfConvCplt)
    i.ADC_Enable                             0x08000720   Section        0  stm32f1xx_hal_adc.o(i.ADC_Enable)
    i.All_Data_Trans_Packing                 0x08000790   Section        0  main.o(i.All_Data_Trans_Packing)
    i.BusFault_Handler                       0x08000918   Section        0  stm32f1xx_it.o(i.BusFault_Handler)
    i.Charging_Preparing                     0x0800091c   Section        0  main.o(i.Charging_Preparing)
    i.Charging_Stopping                      0x08000978   Section        0  main.o(i.Charging_Stopping)
    i.DMA1_Channel1_IRQHandler               0x080009c8   Section        0  stm32f1xx_it.o(i.DMA1_Channel1_IRQHandler)
    i.DMA1_Channel2_IRQHandler               0x080009d4   Section        0  stm32f1xx_it.o(i.DMA1_Channel2_IRQHandler)
    i.DMA_SetConfig                          0x080009e0   Section        0  stm32f1xx_hal_dma.o(i.DMA_SetConfig)
    DMA_SetConfig                            0x080009e1   Thumb Code    30  stm32f1xx_hal_dma.o(i.DMA_SetConfig)
    i.Data_Decode                            0x08000a00   Section        0  main.o(i.Data_Decode)
    i.DebugMon_Handler                       0x08000a50   Section        0  stm32f1xx_it.o(i.DebugMon_Handler)
    i.Decode_First                           0x08000a54   Section        0  main.o(i.Decode_First)
    i.Decode_Second                          0x08000b48   Section        0  main.o(i.Decode_Second)
    i.Decode_Third                           0x08000ba0   Section        0  main.o(i.Decode_Third)
    i.Error_Handler                          0x08000c0c   Section        0  main.o(i.Error_Handler)
    i.FLASH_MassErase                        0x08000c10   Section        0  stm32f1xx_hal_flash_ex.o(i.FLASH_MassErase)
    FLASH_MassErase                          0x08000c11   Thumb Code    26  stm32f1xx_hal_flash_ex.o(i.FLASH_MassErase)
    i.FLASH_PageErase                        0x08000c34   Section        0  stm32f1xx_hal_flash_ex.o(i.FLASH_PageErase)
    i.FLASH_Program_HalfWord                 0x08000c58   Section        0  stm32f1xx_hal_flash.o(i.FLASH_Program_HalfWord)
    FLASH_Program_HalfWord                   0x08000c59   Thumb Code    20  stm32f1xx_hal_flash.o(i.FLASH_Program_HalfWord)
    i.FLASH_SetErrorCode                     0x08000c74   Section        0  stm32f1xx_hal_flash.o(i.FLASH_SetErrorCode)
    FLASH_SetErrorCode                       0x08000c75   Thumb Code    60  stm32f1xx_hal_flash.o(i.FLASH_SetErrorCode)
    i.FLASH_WaitForLastOperation             0x08000cb8   Section        0  stm32f1xx_hal_flash.o(i.FLASH_WaitForLastOperation)
    i.Fault_Data_Trans_Packing               0x08000d0c   Section        0  main.o(i.Fault_Data_Trans_Packing)
    i.Fault_Field_Save                       0x08000dfc   Section        0  main.o(i.Fault_Field_Save)
    i.Frequency_Data_Trans_Packing           0x08000e3c   Section        0  main.o(i.Frequency_Data_Trans_Packing)
    i.Frequency_Scan                         0x08000e90   Section        0  main.o(i.Frequency_Scan)
    i.Frequency_Scan485                      0x08000fa0   Section        0  main.o(i.Frequency_Scan485)
    i.HAL_ADCEx_InjectedConvCpltCallback     0x080010e8   Section        0  stm32f1xx_hal_adc_ex.o(i.HAL_ADCEx_InjectedConvCpltCallback)
    i.HAL_ADC_ConfigChannel                  0x080010ec   Section        0  stm32f1xx_hal_adc.o(i.HAL_ADC_ConfigChannel)
    i.HAL_ADC_ConvCpltCallback               0x08001254   Section        0  main.o(i.HAL_ADC_ConvCpltCallback)
    i.HAL_ADC_ConvHalfCpltCallback           0x08001374   Section        0  stm32f1xx_hal_adc.o(i.HAL_ADC_ConvHalfCpltCallback)
    i.HAL_ADC_ErrorCallback                  0x08001376   Section        0  stm32f1xx_hal_adc.o(i.HAL_ADC_ErrorCallback)
    i.HAL_ADC_IRQHandler                     0x08001378   Section        0  stm32f1xx_hal_adc.o(i.HAL_ADC_IRQHandler)
    i.HAL_ADC_Init                           0x08001460   Section        0  stm32f1xx_hal_adc.o(i.HAL_ADC_Init)
    i.HAL_ADC_LevelOutOfWindowCallback       0x080015a8   Section        0  stm32f1xx_hal_adc.o(i.HAL_ADC_LevelOutOfWindowCallback)
    i.HAL_ADC_MspInit                        0x080015ac   Section        0  adc.o(i.HAL_ADC_MspInit)
    i.HAL_ADC_Start_DMA                      0x08001630   Section        0  stm32f1xx_hal_adc.o(i.HAL_ADC_Start_DMA)
    i.HAL_DMA_IRQHandler                     0x0800173c   Section        0  stm32f1xx_hal_dma.o(i.HAL_DMA_IRQHandler)
    i.HAL_DMA_Init                           0x08001bf4   Section        0  stm32f1xx_hal_dma.o(i.HAL_DMA_Init)
    i.HAL_DMA_Start_IT                       0x08001c44   Section        0  stm32f1xx_hal_dma.o(i.HAL_DMA_Start_IT)
    i.HAL_Delay                              0x08001c9c   Section        0  stm32f1xx_hal.o(i.HAL_Delay)
    i.HAL_FLASHEx_Erase                      0x08001cb4   Section        0  stm32f1xx_hal_flash_ex.o(i.HAL_FLASHEx_Erase)
    i.HAL_FLASH_Lock                         0x08001d5c   Section        0  stm32f1xx_hal_flash.o(i.HAL_FLASH_Lock)
    i.HAL_FLASH_Program                      0x08001d70   Section        0  stm32f1xx_hal_flash.o(i.HAL_FLASH_Program)
    i.HAL_FLASH_Unlock                       0x08001df0   Section        0  stm32f1xx_hal_flash.o(i.HAL_FLASH_Unlock)
    i.HAL_GPIO_Init                          0x08001e14   Section        0  stm32f1xx_hal_gpio.o(i.HAL_GPIO_Init)
    i.HAL_GPIO_TogglePin                     0x08001ffc   Section        0  stm32f1xx_hal_gpio.o(i.HAL_GPIO_TogglePin)
    i.HAL_GPIO_WritePin                      0x08002004   Section        0  stm32f1xx_hal_gpio.o(i.HAL_GPIO_WritePin)
    i.HAL_GetTick                            0x08002010   Section        0  stm32f1xx_hal.o(i.HAL_GetTick)
    i.HAL_IWDG_Init                          0x0800201c   Section        0  stm32f1xx_hal_iwdg.o(i.HAL_IWDG_Init)
    i.HAL_IWDG_MspInit                       0x08002076   Section        0  stm32f1xx_hal_iwdg.o(i.HAL_IWDG_MspInit)
    i.HAL_IWDG_Refresh                       0x08002078   Section        0  stm32f1xx_hal_iwdg.o(i.HAL_IWDG_Refresh)
    i.HAL_IWDG_Start                         0x080020cc   Section        0  stm32f1xx_hal_iwdg.o(i.HAL_IWDG_Start)
    i.HAL_IncTick                            0x080020f8   Section        0  stm32f1xx_hal.o(i.HAL_IncTick)
    i.HAL_Init                               0x08002108   Section        0  stm32f1xx_hal.o(i.HAL_Init)
    i.HAL_InitTick                           0x0800212c   Section        0  stm32f1xx_hal.o(i.HAL_InitTick)
    i.HAL_MspInit                            0x08002150   Section        0  stm32f1xx_hal_msp.o(i.HAL_MspInit)
    i.HAL_NVIC_EnableIRQ                     0x080021d0   Section        0  stm32f1xx_hal_cortex.o(i.HAL_NVIC_EnableIRQ)
    i.HAL_NVIC_SetPriority                   0x080021e8   Section        0  stm32f1xx_hal_cortex.o(i.HAL_NVIC_SetPriority)
    i.HAL_NVIC_SetPriorityGrouping           0x08002228   Section        0  stm32f1xx_hal_cortex.o(i.HAL_NVIC_SetPriorityGrouping)
    i.HAL_RCCEx_PeriphCLKConfig              0x0800224c   Section        0  stm32f1xx_hal_rcc_ex.o(i.HAL_RCCEx_PeriphCLKConfig)
    i.HAL_RCC_ClockConfig                    0x08002378   Section        0  stm32f1xx_hal_rcc.o(i.HAL_RCC_ClockConfig)
    i.HAL_RCC_GetHCLKFreq                    0x08002500   Section        0  stm32f1xx_hal_rcc.o(i.HAL_RCC_GetHCLKFreq)
    i.HAL_RCC_GetPCLK1Freq                   0x0800250c   Section        0  stm32f1xx_hal_rcc.o(i.HAL_RCC_GetPCLK1Freq)
    i.HAL_RCC_GetPCLK2Freq                   0x0800253c   Section        0  stm32f1xx_hal_rcc.o(i.HAL_RCC_GetPCLK2Freq)
    i.HAL_RCC_GetSysClockFreq                0x0800256c   Section        0  stm32f1xx_hal_rcc.o(i.HAL_RCC_GetSysClockFreq)
    i.HAL_RCC_OscConfig                      0x080025f4   Section        0  stm32f1xx_hal_rcc.o(i.HAL_RCC_OscConfig)
    i.HAL_SYSTICK_CLKSourceConfig            0x08002b72   Section        0  stm32f1xx_hal_cortex.o(i.HAL_SYSTICK_CLKSourceConfig)
    i.HAL_SYSTICK_Callback                   0x08002b8c   Section        0  main.o(i.HAL_SYSTICK_Callback)
    i.HAL_SYSTICK_Config                     0x08002c58   Section        0  stm32f1xx_hal_cortex.o(i.HAL_SYSTICK_Config)
    i.HAL_SYSTICK_IRQHandler                 0x08002c80   Section        0  stm32f1xx_hal_cortex.o(i.HAL_SYSTICK_IRQHandler)
    i.HAL_TIMEx_BreakCallback                0x08002c88   Section        0  stm32f1xx_hal_tim_ex.o(i.HAL_TIMEx_BreakCallback)
    i.HAL_TIMEx_CommutationCallback          0x08002c8a   Section        0  stm32f1xx_hal_tim_ex.o(i.HAL_TIMEx_CommutationCallback)
    i.HAL_TIMEx_ConfigBreakDeadTime          0x08002c8c   Section        0  stm32f1xx_hal_tim_ex.o(i.HAL_TIMEx_ConfigBreakDeadTime)
    i.HAL_TIMEx_MasterConfigSynchronization  0x08002cce   Section        0  stm32f1xx_hal_tim_ex.o(i.HAL_TIMEx_MasterConfigSynchronization)
    i.HAL_TIM_Base_Start_IT                  0x08002d1e   Section        0  stm32f1xx_hal_tim.o(i.HAL_TIM_Base_Start_IT)
    i.HAL_TIM_Base_Stop_IT                   0x08002d36   Section        0  stm32f1xx_hal_tim.o(i.HAL_TIM_Base_Stop_IT)
    i.HAL_TIM_IC_CaptureCallback             0x08002d60   Section        0  main.o(i.HAL_TIM_IC_CaptureCallback)
    i.HAL_TIM_IC_ConfigChannel               0x08002e40   Section        0  stm32f1xx_hal_tim.o(i.HAL_TIM_IC_ConfigChannel)
    i.HAL_TIM_IC_Init                        0x08002f5e   Section        0  stm32f1xx_hal_tim.o(i.HAL_TIM_IC_Init)
    i.HAL_TIM_IC_MspInit                     0x08002f94   Section        0  tim.o(i.HAL_TIM_IC_MspInit)
    i.HAL_TIM_IC_Start_IT                    0x08002ff4   Section        0  stm32f1xx_hal_tim.o(i.HAL_TIM_IC_Start_IT)
    i.HAL_TIM_IRQHandler                     0x08003040   Section        0  stm32f1xx_hal_tim.o(i.HAL_TIM_IRQHandler)
    i.HAL_TIM_MspPostInit                    0x080031a8   Section        0  tim.o(i.HAL_TIM_MspPostInit)
    i.HAL_TIM_OC_DelayElapsedCallback        0x080031e4   Section        0  main.o(i.HAL_TIM_OC_DelayElapsedCallback)
    i.HAL_TIM_OC_Start_IT                    0x08003210   Section        0  stm32f1xx_hal_tim.o(i.HAL_TIM_OC_Start_IT)
    i.HAL_TIM_OC_Stop_IT                     0x0800327c   Section        0  stm32f1xx_hal_tim.o(i.HAL_TIM_OC_Stop_IT)
    i.HAL_TIM_PWM_ConfigChannel              0x08003304   Section        0  stm32f1xx_hal_tim.o(i.HAL_TIM_PWM_ConfigChannel)
    i.HAL_TIM_PWM_Init                       0x080033d4   Section        0  stm32f1xx_hal_tim.o(i.HAL_TIM_PWM_Init)
    i.HAL_TIM_PWM_MspInit                    0x0800340c   Section        0  tim.o(i.HAL_TIM_PWM_MspInit)
    i.HAL_TIM_PWM_PulseFinishedCallback      0x08003460   Section        0  stm32f1xx_hal_tim.o(i.HAL_TIM_PWM_PulseFinishedCallback)
    i.HAL_TIM_PeriodElapsedCallback          0x08003464   Section        0  main.o(i.HAL_TIM_PeriodElapsedCallback)
    i.HAL_TIM_TriggerCallback                0x080034b8   Section        0  stm32f1xx_hal_tim.o(i.HAL_TIM_TriggerCallback)
    i.HAL_UART_ErrorCallback                 0x080034ba   Section        0  stm32f1xx_hal_uart.o(i.HAL_UART_ErrorCallback)
    i.HAL_UART_GetState                      0x080034bc   Section        0  stm32f1xx_hal_uart.o(i.HAL_UART_GetState)
    i.HAL_UART_IRQHandler                    0x080034c4   Section        0  stm32f1xx_hal_uart.o(i.HAL_UART_IRQHandler)
    i.HAL_UART_Init                          0x0800359e   Section        0  stm32f1xx_hal_uart.o(i.HAL_UART_Init)
    i.HAL_UART_MspInit                       0x080035fc   Section        0  usart.o(i.HAL_UART_MspInit)
    i.HAL_UART_Receive_IT                    0x080036a8   Section        0  stm32f1xx_hal_uart.o(i.HAL_UART_Receive_IT)
    i.HAL_UART_RxCpltCallback                0x08003714   Section        0  main.o(i.HAL_UART_RxCpltCallback)
    i.HAL_UART_Transmit_DMA                  0x08003768   Section        0  stm32f1xx_hal_uart.o(i.HAL_UART_Transmit_DMA)
    i.HAL_UART_TxCpltCallback                0x080037f8   Section        0  main.o(i.HAL_UART_TxCpltCallback)
    i.HAL_UART_TxHalfCpltCallback            0x08003828   Section        0  stm32f1xx_hal_uart.o(i.HAL_UART_TxHalfCpltCallback)
    i.HardFault_Handler                      0x0800382a   Section        0  stm32f1xx_it.o(i.HardFault_Handler)
    i.Limit_Data_Trans_Packing               0x0800382c   Section        0  main.o(i.Limit_Data_Trans_Packing)
    i.MX_ADC1_Init                           0x0800387c   Section        0  adc.o(i.MX_ADC1_Init)
    i.MX_DMA_Init                            0x08003908   Section        0  dma.o(i.MX_DMA_Init)
    i.MX_GPIO_Init                           0x08003944   Section        0  gpio.o(i.MX_GPIO_Init)
    i.MX_IWDG_Init                           0x08003a28   Section        0  iwdg.o(i.MX_IWDG_Init)
    i.MX_TIM1_Init                           0x08003a54   Section        0  tim.o(i.MX_TIM1_Init)
    i.MX_TIM2_Init                           0x08003adc   Section        0  tim.o(i.MX_TIM2_Init)
    i.MX_TIM5_Init                           0x08003b3c   Section        0  tim.o(i.MX_TIM5_Init)
    i.MX_USART3_UART_Init                    0x08003b9c   Section        0  usart.o(i.MX_USART3_UART_Init)
    i.MemManage_Handler                      0x08003bd4   Section        0  stm32f1xx_it.o(i.MemManage_Handler)
    i.NMI_Handler                            0x08003bd6   Section        0  stm32f1xx_it.o(i.NMI_Handler)
    i.NVIC_SetPriority                       0x08003bd8   Section        0  stm32f1xx_hal_cortex.o(i.NVIC_SetPriority)
    NVIC_SetPriority                         0x08003bd9   Thumb Code    32  stm32f1xx_hal_cortex.o(i.NVIC_SetPriority)
    i.PendSV_Handler                         0x08003bf8   Section        0  stm32f1xx_it.o(i.PendSV_Handler)
    i.SVC_Handler                            0x08003bfa   Section        0  stm32f1xx_it.o(i.SVC_Handler)
    i.State_Data_Trans_Packing               0x08003bfc   Section        0  main.o(i.State_Data_Trans_Packing)
    i.SysTick_Handler                        0x08003c48   Section        0  stm32f1xx_it.o(i.SysTick_Handler)
    i.SystemClock_Config                     0x08003c56   Section        0  main.o(i.SystemClock_Config)
    i.SystemInit                             0x08003cd4   Section        0  system_stm32f1xx.o(i.SystemInit)
    i.TIM2_IRQHandler                        0x08003d1c   Section        0  stm32f1xx_it.o(i.TIM2_IRQHandler)
    i.TIM5_IRQHandler                        0x08003d28   Section        0  stm32f1xx_it.o(i.TIM5_IRQHandler)
    i.TIM_Base_SetConfig                     0x08003d34   Section        0  stm32f1xx_hal_tim.o(i.TIM_Base_SetConfig)
    i.TIM_CCxChannelCmd                      0x08003db8   Section        0  stm32f1xx_hal_tim.o(i.TIM_CCxChannelCmd)
    i.TIM_OC1_SetConfig                      0x08003dd0   Section        0  stm32f1xx_hal_tim.o(i.TIM_OC1_SetConfig)
    TIM_OC1_SetConfig                        0x08003dd1   Thumb Code    88  stm32f1xx_hal_tim.o(i.TIM_OC1_SetConfig)
    i.TIM_OC2_SetConfig                      0x08003e30   Section        0  stm32f1xx_hal_tim.o(i.TIM_OC2_SetConfig)
    i.TIM_OC3_SetConfig                      0x08003e9c   Section        0  stm32f1xx_hal_tim.o(i.TIM_OC3_SetConfig)
    TIM_OC3_SetConfig                        0x08003e9d   Thumb Code    96  stm32f1xx_hal_tim.o(i.TIM_OC3_SetConfig)
    i.TIM_OC4_SetConfig                      0x08003f04   Section        0  stm32f1xx_hal_tim.o(i.TIM_OC4_SetConfig)
    TIM_OC4_SetConfig                        0x08003f05   Thumb Code    70  stm32f1xx_hal_tim.o(i.TIM_OC4_SetConfig)
    i.TIM_TI1_SetConfig                      0x08003f54   Section        0  stm32f1xx_hal_tim.o(i.TIM_TI1_SetConfig)
    i.TIM_TI2_SetConfig                      0x08003fc0   Section        0  stm32f1xx_hal_tim.o(i.TIM_TI2_SetConfig)
    TIM_TI2_SetConfig                        0x08003fc1   Thumb Code    54  stm32f1xx_hal_tim.o(i.TIM_TI2_SetConfig)
    i.UART_DMAError                          0x08003ff6   Section        0  stm32f1xx_hal_uart.o(i.UART_DMAError)
    UART_DMAError                            0x08003ff7   Thumb Code    30  stm32f1xx_hal_uart.o(i.UART_DMAError)
    i.UART_DMATransmitCplt                   0x08004014   Section        0  stm32f1xx_hal_uart.o(i.UART_DMATransmitCplt)
    UART_DMATransmitCplt                     0x08004015   Thumb Code    46  stm32f1xx_hal_uart.o(i.UART_DMATransmitCplt)
    i.UART_DMATxHalfCplt                     0x08004042   Section        0  stm32f1xx_hal_uart.o(i.UART_DMATxHalfCplt)
    UART_DMATxHalfCplt                       0x08004043   Thumb Code    10  stm32f1xx_hal_uart.o(i.UART_DMATxHalfCplt)
    i.UART_Receive_IT                        0x0800404c   Section        0  stm32f1xx_hal_uart.o(i.UART_Receive_IT)
    UART_Receive_IT                          0x0800404d   Thumb Code   168  stm32f1xx_hal_uart.o(i.UART_Receive_IT)
    i.UART_SetConfig                         0x080040f4   Section        0  stm32f1xx_hal_uart.o(i.UART_SetConfig)
    UART_SetConfig                           0x080040f5   Thumb Code   364  stm32f1xx_hal_uart.o(i.UART_SetConfig)
    i.UART_Transmit_IT                       0x08004264   Section        0  stm32f1xx_hal_uart.o(i.UART_Transmit_IT)
    UART_Transmit_IT                         0x08004265   Thumb Code   102  stm32f1xx_hal_uart.o(i.UART_Transmit_IT)
    i.USART3_IRQHandler                      0x080042cc   Section        0  stm32f1xx_it.o(i.USART3_IRQHandler)
    i.UsageFault_Handler                     0x080042d8   Section        0  stm32f1xx_it.o(i.UsageFault_Handler)
    i.Variable_Init                          0x080042dc   Section        0  main.o(i.Variable_Init)
    i.WriteFlash                             0x0800436c   Section        0  main.o(i.WriteFlash)
    i.__scatterload_copy                     0x080043ac   Section       14  handlers.o(i.__scatterload_copy)
    i.__scatterload_null                     0x080043ba   Section        2  handlers.o(i.__scatterload_null)
    i.__scatterload_zeroinit                 0x080043bc   Section       14  handlers.o(i.__scatterload_zeroinit)
    i.main                                   0x080043cc   Section        0  main.o(i.main)
    .constdata                               0x0800499c   Section       16  system_stm32f1xx.o(.constdata)
    .constdata                               0x080049ac   Section        8  system_stm32f1xx.o(.constdata)
    .data                                    0x20000000   Section      232  main.o(.data)
    .data                                    0x200000e8   Section        4  system_stm32f1xx.o(.data)
    .data                                    0x200000ec   Section        4  stm32f1xx_hal.o(.data)
    uwTick                                   0x200000ec   Data           4  stm32f1xx_hal.o(.data)
    .bss                                     0x200000f0   Section      208  main.o(.bss)
    .bss                                     0x200001c0   Section      120  usart.o(.bss)
    .bss                                     0x20000238   Section      180  tim.o(.bss)
    .bss                                     0x200002ec   Section      104  adc.o(.bss)
    .bss                                     0x20000354   Section       16  iwdg.o(.bss)
    .bss                                     0x20000368   Section       32  stm32f1xx_hal_flash.o(.bss)
    STACK                                    0x20000388   Section     1024  startup_stm32f103xe.o(STACK)

    Global Symbols

    Symbol Name                              Value     Ov Type        Size  Object(Section)

    BuildAttributes$$THM_ISAv4$P$D$K$B$S$PE$A:L22UL41UL21$X:L11$S22US41US21$IEEE1$IW$USESV6$~STKCKD$USESV7$~SHL$OSPACE$ROPI$EBA8$MICROLIB$REQ8$PRES8$EABIv2 0x00000000   Number         0  anon$$obj.o ABSOLUTE
    __ARM_use_no_argv                        0x00000000   Number         0  main.o ABSOLUTE
    __cpp_initialize__aeabi_                  - Undefined Weak Reference
    __cxa_finalize                            - Undefined Weak Reference
    __decompress                              - Undefined Weak Reference
    _clock_init                               - Undefined Weak Reference
    _microlib_exit                            - Undefined Weak Reference
    __Vectors_Size                           0x00000130   Number         0  startup_stm32f103xe.o ABSOLUTE
    __Vectors                                0x08000000   Data           4  startup_stm32f103xe.o(RESET)
    __Vectors_End                            0x08000130   Data           0  startup_stm32f103xe.o(RESET)
    __main                                   0x08000131   Thumb Code     0  entry.o(.ARM.Collect$$$$00000000)
    _main_stk                                0x08000131   Thumb Code     0  entry2.o(.ARM.Collect$$$$00000001)
    _main_scatterload                        0x08000135   Thumb Code     0  entry5.o(.ARM.Collect$$$$00000004)
    __main_after_scatterload                 0x08000139   Thumb Code     0  entry5.o(.ARM.Collect$$$$00000004)
    _main_clock                              0x08000139   Thumb Code     0  entry7b.o(.ARM.Collect$$$$00000008)
    _main_cpp_init                           0x08000139   Thumb Code     0  entry8b.o(.ARM.Collect$$$$0000000A)
    _main_init                               0x08000139   Thumb Code     0  entry9a.o(.ARM.Collect$$$$0000000B)
    __rt_final_cpp                           0x08000141   Thumb Code     0  entry10a.o(.ARM.Collect$$$$0000000D)
    __rt_final_exit                          0x08000141   Thumb Code     0  entry11a.o(.ARM.Collect$$$$0000000F)
    Reset_Handler                            0x08000145   Thumb Code     8  startup_stm32f103xe.o(.text)
    ADC3_IRQHandler                          0x0800015f   Thumb Code     0  startup_stm32f103xe.o(.text)
    CAN1_RX1_IRQHandler                      0x0800015f   Thumb Code     0  startup_stm32f103xe.o(.text)
    CAN1_SCE_IRQHandler                      0x0800015f   Thumb Code     0  startup_stm32f103xe.o(.text)
    DMA1_Channel3_IRQHandler                 0x0800015f   Thumb Code     0  startup_stm32f103xe.o(.text)
    DMA1_Channel4_IRQHandler                 0x0800015f   Thumb Code     0  startup_stm32f103xe.o(.text)
    DMA1_Channel5_IRQHandler                 0x0800015f   Thumb Code     0  startup_stm32f103xe.o(.text)
    DMA1_Channel6_IRQHandler                 0x0800015f   Thumb Code     0  startup_stm32f103xe.o(.text)
    DMA1_Channel7_IRQHandler                 0x0800015f   Thumb Code     0  startup_stm32f103xe.o(.text)
    DMA2_Channel1_IRQHandler                 0x0800015f   Thumb Code     0  startup_stm32f103xe.o(.text)
    DMA2_Channel2_IRQHandler                 0x0800015f   Thumb Code     0  startup_stm32f103xe.o(.text)
    DMA2_Channel3_IRQHandler                 0x0800015f   Thumb Code     0  startup_stm32f103xe.o(.text)
    DMA2_Channel4_5_IRQHandler               0x0800015f   Thumb Code     0  startup_stm32f103xe.o(.text)
    EXTI0_IRQHandler                         0x0800015f   Thumb Code     0  startup_stm32f103xe.o(.text)
    EXTI15_10_IRQHandler                     0x0800015f   Thumb Code     0  startup_stm32f103xe.o(.text)
    EXTI1_IRQHandler                         0x0800015f   Thumb Code     0  startup_stm32f103xe.o(.text)
    EXTI2_IRQHandler                         0x0800015f   Thumb Code     0  startup_stm32f103xe.o(.text)
    EXTI3_IRQHandler                         0x0800015f   Thumb Code     0  startup_stm32f103xe.o(.text)
    EXTI4_IRQHandler                         0x0800015f   Thumb Code     0  startup_stm32f103xe.o(.text)
    EXTI9_5_IRQHandler                       0x0800015f   Thumb Code     0  startup_stm32f103xe.o(.text)
    FLASH_IRQHandler                         0x0800015f   Thumb Code     0  startup_stm32f103xe.o(.text)
    FSMC_IRQHandler                          0x0800015f   Thumb Code     0  startup_stm32f103xe.o(.text)
    I2C1_ER_IRQHandler                       0x0800015f   Thumb Code     0  startup_stm32f103xe.o(.text)
    I2C1_EV_IRQHandler                       0x0800015f   Thumb Code     0  startup_stm32f103xe.o(.text)
    I2C2_ER_IRQHandler                       0x0800015f   Thumb Code     0  startup_stm32f103xe.o(.text)
    I2C2_EV_IRQHandler                       0x0800015f   Thumb Code     0  startup_stm32f103xe.o(.text)
    PVD_IRQHandler                           0x0800015f   Thumb Code     0  startup_stm32f103xe.o(.text)
    RCC_IRQHandler                           0x0800015f   Thumb Code     0  startup_stm32f103xe.o(.text)
    RTC_Alarm_IRQHandler                     0x0800015f   Thumb Code     0  startup_stm32f103xe.o(.text)
    RTC_IRQHandler                           0x0800015f   Thumb Code     0  startup_stm32f103xe.o(.text)
    SDIO_IRQHandler                          0x0800015f   Thumb Code     0  startup_stm32f103xe.o(.text)
    SPI1_IRQHandler                          0x0800015f   Thumb Code     0  startup_stm32f103xe.o(.text)
    SPI2_IRQHandler                          0x0800015f   Thumb Code     0  startup_stm32f103xe.o(.text)
    SPI3_IRQHandler                          0x0800015f   Thumb Code     0  startup_stm32f103xe.o(.text)
    TAMPER_IRQHandler                        0x0800015f   Thumb Code     0  startup_stm32f103xe.o(.text)
    TIM1_BRK_IRQHandler                      0x0800015f   Thumb Code     0  startup_stm32f103xe.o(.text)
    TIM1_CC_IRQHandler                       0x0800015f   Thumb Code     0  startup_stm32f103xe.o(.text)
    TIM1_TRG_COM_IRQHandler                  0x0800015f   Thumb Code     0  startup_stm32f103xe.o(.text)
    TIM1_UP_IRQHandler                       0x0800015f   Thumb Code     0  startup_stm32f103xe.o(.text)
    TIM3_IRQHandler                          0x0800015f   Thumb Code     0  startup_stm32f103xe.o(.text)
    TIM4_IRQHandler                          0x0800015f   Thumb Code     0  startup_stm32f103xe.o(.text)
    TIM6_IRQHandler                          0x0800015f   Thumb Code     0  startup_stm32f103xe.o(.text)
    TIM7_IRQHandler                          0x0800015f   Thumb Code     0  startup_stm32f103xe.o(.text)
    TIM8_BRK_IRQHandler                      0x0800015f   Thumb Code     0  startup_stm32f103xe.o(.text)
    TIM8_CC_IRQHandler                       0x0800015f   Thumb Code     0  startup_stm32f103xe.o(.text)
    TIM8_TRG_COM_IRQHandler                  0x0800015f   Thumb Code     0  startup_stm32f103xe.o(.text)
    TIM8_UP_IRQHandler                       0x0800015f   Thumb Code     0  startup_stm32f103xe.o(.text)
    UART4_IRQHandler                         0x0800015f   Thumb Code     0  startup_stm32f103xe.o(.text)
    UART5_IRQHandler                         0x0800015f   Thumb Code     0  startup_stm32f103xe.o(.text)
    USART1_IRQHandler                        0x0800015f   Thumb Code     0  startup_stm32f103xe.o(.text)
    USART2_IRQHandler                        0x0800015f   Thumb Code     0  startup_stm32f103xe.o(.text)
    USBWakeUp_IRQHandler                     0x0800015f   Thumb Code     0  startup_stm32f103xe.o(.text)
    USB_HP_CAN1_TX_IRQHandler                0x0800015f   Thumb Code     0  startup_stm32f103xe.o(.text)
    USB_LP_CAN1_RX0_IRQHandler               0x0800015f   Thumb Code     0  startup_stm32f103xe.o(.text)
    WWDG_IRQHandler                          0x0800015f   Thumb Code     0  startup_stm32f103xe.o(.text)
    __aeabi_llsr                             0x08000169   Thumb Code    32  llushr.o(.text)
    _ll_ushift_r                             0x08000169   Thumb Code     0  llushr.o(.text)
    __aeabi_dadd                             0x08000189   Thumb Code   322  dadd.o(.text)
    __aeabi_dsub                             0x080002cb   Thumb Code     6  dadd.o(.text)
    __aeabi_drsub                            0x080002d1   Thumb Code     6  dadd.o(.text)
    __aeabi_dmul                             0x080002d7   Thumb Code   228  dmul.o(.text)
    __aeabi_ddiv                             0x080003bb   Thumb Code   222  ddiv.o(.text)
    __aeabi_i2d                              0x08000499   Thumb Code    34  dflti.o(.text)
    __aeabi_ui2d                             0x080004bb   Thumb Code    26  dfltui.o(.text)
    __aeabi_cdcmpeq                          0x080004d5   Thumb Code     0  cdcmple.o(.text)
    __aeabi_cdcmple                          0x080004d5   Thumb Code    48  cdcmple.o(.text)
    __aeabi_cdrcmple                         0x08000505   Thumb Code    48  cdrcmple.o(.text)
    __aeabi_llsl                             0x08000535   Thumb Code    30  llshl.o(.text)
    _ll_shift_l                              0x08000535   Thumb Code     0  llshl.o(.text)
    __aeabi_lasr                             0x08000553   Thumb Code    36  llsshr.o(.text)
    _ll_sshift_r                             0x08000553   Thumb Code     0  llsshr.o(.text)
    __I$use$fp                               0x08000577   Thumb Code     0  iusefp.o(.text)
    _double_round                            0x08000577   Thumb Code    30  depilogue.o(.text)
    _double_epilogue                         0x08000595   Thumb Code   156  depilogue.o(.text)
    __scatterload                            0x08000631   Thumb Code    28  init.o(.text)
    __scatterload_rt2                        0x08000631   Thumb Code     0  init.o(.text)
    ADC1_2_IRQHandler                        0x08000655   Thumb Code     6  stm32f1xx_it.o(i.ADC1_2_IRQHandler)
    ADC_ConversionStop_Disable               0x08000661   Thumb Code    76  stm32f1xx_hal_adc.o(i.ADC_ConversionStop_Disable)
    ADC_DMAConvCplt                          0x080006ad   Thumb Code    78  stm32f1xx_hal_adc.o(i.ADC_DMAConvCplt)
    ADC_DMAError                             0x080006fb   Thumb Code    26  stm32f1xx_hal_adc.o(i.ADC_DMAError)
    ADC_DMAHalfConvCplt                      0x08000715   Thumb Code    10  stm32f1xx_hal_adc.o(i.ADC_DMAHalfConvCplt)
    ADC_Enable                               0x08000721   Thumb Code   104  stm32f1xx_hal_adc.o(i.ADC_Enable)
    All_Data_Trans_Packing                   0x08000791   Thumb Code   382  main.o(i.All_Data_Trans_Packing)
    BusFault_Handler                         0x08000919   Thumb Code     2  stm32f1xx_it.o(i.BusFault_Handler)
    Charging_Preparing                       0x0800091d   Thumb Code    76  main.o(i.Charging_Preparing)
    Charging_Stopping                        0x08000979   Thumb Code    64  main.o(i.Charging_Stopping)
    DMA1_Channel1_IRQHandler                 0x080009c9   Thumb Code     6  stm32f1xx_it.o(i.DMA1_Channel1_IRQHandler)
    DMA1_Channel2_IRQHandler                 0x080009d5   Thumb Code     6  stm32f1xx_it.o(i.DMA1_Channel2_IRQHandler)
    Data_Decode                              0x08000a01   Thumb Code    76  main.o(i.Data_Decode)
    DebugMon_Handler                         0x08000a51   Thumb Code     2  stm32f1xx_it.o(i.DebugMon_Handler)
    Decode_First                             0x08000a55   Thumb Code   234  main.o(i.Decode_First)
    Decode_Second                            0x08000b49   Thumb Code    78  main.o(i.Decode_Second)
    Decode_Third                             0x08000ba1   Thumb Code    98  main.o(i.Decode_Third)
    Error_Handler                            0x08000c0d   Thumb Code     2  main.o(i.Error_Handler)
    FLASH_PageErase                          0x08000c35   Thumb Code    28  stm32f1xx_hal_flash_ex.o(i.FLASH_PageErase)
    FLASH_WaitForLastOperation               0x08000cb9   Thumb Code    80  stm32f1xx_hal_flash.o(i.FLASH_WaitForLastOperation)
    Fault_Data_Trans_Packing                 0x08000d0d   Thumb Code   232  main.o(i.Fault_Data_Trans_Packing)
    Fault_Field_Save                         0x08000dfd   Thumb Code    60  main.o(i.Fault_Field_Save)
    Frequency_Data_Trans_Packing             0x08000e3d   Thumb Code    74  main.o(i.Frequency_Data_Trans_Packing)
    Frequency_Scan                           0x08000e91   Thumb Code   256  main.o(i.Frequency_Scan)
    Frequency_Scan485                        0x08000fa1   Thumb Code   298  main.o(i.Frequency_Scan485)
    HAL_ADCEx_InjectedConvCpltCallback       0x080010e9   Thumb Code     2  stm32f1xx_hal_adc_ex.o(i.HAL_ADCEx_InjectedConvCpltCallback)
    HAL_ADC_ConfigChannel                    0x080010ed   Thumb Code   346  stm32f1xx_hal_adc.o(i.HAL_ADC_ConfigChannel)
    HAL_ADC_ConvCpltCallback                 0x08001255   Thumb Code   268  main.o(i.HAL_ADC_ConvCpltCallback)
    HAL_ADC_ConvHalfCpltCallback             0x08001375   Thumb Code     2  stm32f1xx_hal_adc.o(i.HAL_ADC_ConvHalfCpltCallback)
    HAL_ADC_ErrorCallback                    0x08001377   Thumb Code     2  stm32f1xx_hal_adc.o(i.HAL_ADC_ErrorCallback)
    HAL_ADC_IRQHandler                       0x08001379   Thumb Code   230  stm32f1xx_hal_adc.o(i.HAL_ADC_IRQHandler)
    HAL_ADC_Init                             0x08001461   Thumb Code   316  stm32f1xx_hal_adc.o(i.HAL_ADC_Init)
    HAL_ADC_LevelOutOfWindowCallback         0x080015a9   Thumb Code     2  stm32f1xx_hal_adc.o(i.HAL_ADC_LevelOutOfWindowCallback)
    HAL_ADC_MspInit                          0x080015ad   Thumb Code   112  adc.o(i.HAL_ADC_MspInit)
    HAL_ADC_Start_DMA                        0x08001631   Thumb Code   246  stm32f1xx_hal_adc.o(i.HAL_ADC_Start_DMA)
    HAL_DMA_IRQHandler                       0x0800173d   Thumb Code  1198  stm32f1xx_hal_dma.o(i.HAL_DMA_IRQHandler)
    HAL_DMA_Init                             0x08001bf5   Thumb Code    80  stm32f1xx_hal_dma.o(i.HAL_DMA_Init)
    HAL_DMA_Start_IT                         0x08001c45   Thumb Code    88  stm32f1xx_hal_dma.o(i.HAL_DMA_Start_IT)
    HAL_Delay                                0x08001c9d   Thumb Code    22  stm32f1xx_hal.o(i.HAL_Delay)
    HAL_FLASHEx_Erase                        0x08001cb5   Thumb Code   160  stm32f1xx_hal_flash_ex.o(i.HAL_FLASHEx_Erase)
    HAL_FLASH_Lock                           0x08001d5d   Thumb Code    14  stm32f1xx_hal_flash.o(i.HAL_FLASH_Lock)
    HAL_FLASH_Program                        0x08001d71   Thumb Code   120  stm32f1xx_hal_flash.o(i.HAL_FLASH_Program)
    HAL_FLASH_Unlock                         0x08001df1   Thumb Code    24  stm32f1xx_hal_flash.o(i.HAL_FLASH_Unlock)
    HAL_GPIO_Init                            0x08001e15   Thumb Code   446  stm32f1xx_hal_gpio.o(i.HAL_GPIO_Init)
    HAL_GPIO_TogglePin                       0x08001ffd   Thumb Code     8  stm32f1xx_hal_gpio.o(i.HAL_GPIO_TogglePin)
    HAL_GPIO_WritePin                        0x08002005   Thumb Code    10  stm32f1xx_hal_gpio.o(i.HAL_GPIO_WritePin)
    HAL_GetTick                              0x08002011   Thumb Code     6  stm32f1xx_hal.o(i.HAL_GetTick)
    HAL_IWDG_Init                            0x0800201d   Thumb Code    90  stm32f1xx_hal_iwdg.o(i.HAL_IWDG_Init)
    HAL_IWDG_MspInit                         0x08002077   Thumb Code     2  stm32f1xx_hal_iwdg.o(i.HAL_IWDG_MspInit)
    HAL_IWDG_Refresh                         0x08002079   Thumb Code    84  stm32f1xx_hal_iwdg.o(i.HAL_IWDG_Refresh)
    HAL_IWDG_Start                           0x080020cd   Thumb Code    42  stm32f1xx_hal_iwdg.o(i.HAL_IWDG_Start)
    HAL_IncTick                              0x080020f9   Thumb Code    10  stm32f1xx_hal.o(i.HAL_IncTick)
    HAL_Init                                 0x08002109   Thumb Code    32  stm32f1xx_hal.o(i.HAL_Init)
    HAL_InitTick                             0x0800212d   Thumb Code    34  stm32f1xx_hal.o(i.HAL_InitTick)
    HAL_MspInit                              0x08002151   Thumb Code   118  stm32f1xx_hal_msp.o(i.HAL_MspInit)
    HAL_NVIC_EnableIRQ                       0x080021d1   Thumb Code    22  stm32f1xx_hal_cortex.o(i.HAL_NVIC_EnableIRQ)
    HAL_NVIC_SetPriority                     0x080021e9   Thumb Code    60  stm32f1xx_hal_cortex.o(i.HAL_NVIC_SetPriority)
    HAL_NVIC_SetPriorityGrouping             0x08002229   Thumb Code    26  stm32f1xx_hal_cortex.o(i.HAL_NVIC_SetPriorityGrouping)
    HAL_RCCEx_PeriphCLKConfig                0x0800224d   Thumb Code   288  stm32f1xx_hal_rcc_ex.o(i.HAL_RCCEx_PeriphCLKConfig)
    HAL_RCC_ClockConfig                      0x08002379   Thumb Code   374  stm32f1xx_hal_rcc.o(i.HAL_RCC_ClockConfig)
    HAL_RCC_GetHCLKFreq                      0x08002501   Thumb Code     6  stm32f1xx_hal_rcc.o(i.HAL_RCC_GetHCLKFreq)
    HAL_RCC_GetPCLK1Freq                     0x0800250d   Thumb Code    34  stm32f1xx_hal_rcc.o(i.HAL_RCC_GetPCLK1Freq)
    HAL_RCC_GetPCLK2Freq                     0x0800253d   Thumb Code    34  stm32f1xx_hal_rcc.o(i.HAL_RCC_GetPCLK2Freq)
    HAL_RCC_GetSysClockFreq                  0x0800256d   Thumb Code   102  stm32f1xx_hal_rcc.o(i.HAL_RCC_GetSysClockFreq)
    HAL_RCC_OscConfig                        0x080025f5   Thumb Code  1406  stm32f1xx_hal_rcc.o(i.HAL_RCC_OscConfig)
    HAL_SYSTICK_CLKSourceConfig              0x08002b73   Thumb Code    24  stm32f1xx_hal_cortex.o(i.HAL_SYSTICK_CLKSourceConfig)
    HAL_SYSTICK_Callback                     0x08002b8d   Thumb Code   200  main.o(i.HAL_SYSTICK_Callback)
    HAL_SYSTICK_Config                       0x08002c59   Thumb Code    40  stm32f1xx_hal_cortex.o(i.HAL_SYSTICK_Config)
    HAL_SYSTICK_IRQHandler                   0x08002c81   Thumb Code     8  stm32f1xx_hal_cortex.o(i.HAL_SYSTICK_IRQHandler)
    HAL_TIMEx_BreakCallback                  0x08002c89   Thumb Code     2  stm32f1xx_hal_tim_ex.o(i.HAL_TIMEx_BreakCallback)
    HAL_TIMEx_CommutationCallback            0x08002c8b   Thumb Code     2  stm32f1xx_hal_tim_ex.o(i.HAL_TIMEx_CommutationCallback)
    HAL_TIMEx_ConfigBreakDeadTime            0x08002c8d   Thumb Code    66  stm32f1xx_hal_tim_ex.o(i.HAL_TIMEx_ConfigBreakDeadTime)
    HAL_TIMEx_MasterConfigSynchronization    0x08002ccf   Thumb Code    80  stm32f1xx_hal_tim_ex.o(i.HAL_TIMEx_MasterConfigSynchronization)
    HAL_TIM_Base_Start_IT                    0x08002d1f   Thumb Code    24  stm32f1xx_hal_tim.o(i.HAL_TIM_Base_Start_IT)
    HAL_TIM_Base_Stop_IT                     0x08002d37   Thumb Code    42  stm32f1xx_hal_tim.o(i.HAL_TIM_Base_Stop_IT)
    HAL_TIM_IC_CaptureCallback               0x08002d61   Thumb Code   216  main.o(i.HAL_TIM_IC_CaptureCallback)
    HAL_TIM_IC_ConfigChannel                 0x08002e41   Thumb Code   286  stm32f1xx_hal_tim.o(i.HAL_TIM_IC_ConfigChannel)
    HAL_TIM_IC_Init                          0x08002f5f   Thumb Code    54  stm32f1xx_hal_tim.o(i.HAL_TIM_IC_Init)
    HAL_TIM_IC_MspInit                       0x08002f95   Thumb Code    84  tim.o(i.HAL_TIM_IC_MspInit)
    HAL_TIM_IC_Start_IT                      0x08002ff5   Thumb Code    76  stm32f1xx_hal_tim.o(i.HAL_TIM_IC_Start_IT)
    HAL_TIM_IRQHandler                       0x08003041   Thumb Code   358  stm32f1xx_hal_tim.o(i.HAL_TIM_IRQHandler)
    HAL_TIM_MspPostInit                      0x080031a9   Thumb Code    46  tim.o(i.HAL_TIM_MspPostInit)
    HAL_TIM_OC_DelayElapsedCallback          0x080031e5   Thumb Code    32  main.o(i.HAL_TIM_OC_DelayElapsedCallback)
    HAL_TIM_OC_Start_IT                      0x08003211   Thumb Code    98  stm32f1xx_hal_tim.o(i.HAL_TIM_OC_Start_IT)
    HAL_TIM_OC_Stop_IT                       0x0800327d   Thumb Code   128  stm32f1xx_hal_tim.o(i.HAL_TIM_OC_Stop_IT)
    HAL_TIM_PWM_ConfigChannel                0x08003305   Thumb Code   208  stm32f1xx_hal_tim.o(i.HAL_TIM_PWM_ConfigChannel)
    HAL_TIM_PWM_Init                         0x080033d5   Thumb Code    54  stm32f1xx_hal_tim.o(i.HAL_TIM_PWM_Init)
    HAL_TIM_PWM_MspInit                      0x0800340d   Thumb Code    72  tim.o(i.HAL_TIM_PWM_MspInit)
    HAL_TIM_PWM_PulseFinishedCallback        0x08003461   Thumb Code     2  stm32f1xx_hal_tim.o(i.HAL_TIM_PWM_PulseFinishedCallback)
    HAL_TIM_PeriodElapsedCallback            0x08003465   Thumb Code    80  main.o(i.HAL_TIM_PeriodElapsedCallback)
    HAL_TIM_TriggerCallback                  0x080034b9   Thumb Code     2  stm32f1xx_hal_tim.o(i.HAL_TIM_TriggerCallback)
    HAL_UART_ErrorCallback                   0x080034bb   Thumb Code     2  stm32f1xx_hal_uart.o(i.HAL_UART_ErrorCallback)
    HAL_UART_GetState                        0x080034bd   Thumb Code     6  stm32f1xx_hal_uart.o(i.HAL_UART_GetState)
    HAL_UART_IRQHandler                      0x080034c5   Thumb Code   218  stm32f1xx_hal_uart.o(i.HAL_UART_IRQHandler)
    HAL_UART_Init                            0x0800359f   Thumb Code    94  stm32f1xx_hal_uart.o(i.HAL_UART_Init)
    HAL_UART_MspInit                         0x080035fd   Thumb Code   148  usart.o(i.HAL_UART_MspInit)
    HAL_UART_Receive_IT                      0x080036a9   Thumb Code   106  stm32f1xx_hal_uart.o(i.HAL_UART_Receive_IT)
    HAL_UART_RxCpltCallback                  0x08003715   Thumb Code    76  main.o(i.HAL_UART_RxCpltCallback)
    HAL_UART_Transmit_DMA                    0x08003769   Thumb Code   130  stm32f1xx_hal_uart.o(i.HAL_UART_Transmit_DMA)
    HAL_UART_TxCpltCallback                  0x080037f9   Thumb Code    34  main.o(i.HAL_UART_TxCpltCallback)
    HAL_UART_TxHalfCpltCallback              0x08003829   Thumb Code     2  stm32f1xx_hal_uart.o(i.HAL_UART_TxHalfCpltCallback)
    HardFault_Handler                        0x0800382b   Thumb Code     2  stm32f1xx_it.o(i.HardFault_Handler)
    Limit_Data_Trans_Packing                 0x0800382d   Thumb Code    70  main.o(i.Limit_Data_Trans_Packing)
    MX_ADC1_Init                             0x0800387d   Thumb Code   132  adc.o(i.MX_ADC1_Init)
    MX_DMA_Init                              0x08003909   Thumb Code    56  dma.o(i.MX_DMA_Init)
    MX_GPIO_Init                             0x08003945   Thumb Code   212  gpio.o(i.MX_GPIO_Init)
    MX_IWDG_Init                             0x08003a29   Thumb Code    36  iwdg.o(i.MX_IWDG_Init)
    MX_TIM1_Init                             0x08003a55   Thumb Code   128  tim.o(i.MX_TIM1_Init)
    MX_TIM2_Init                             0x08003add   Thumb Code    90  tim.o(i.MX_TIM2_Init)
    MX_TIM5_Init                             0x08003b3d   Thumb Code    88  tim.o(i.MX_TIM5_Init)
    MX_USART3_UART_Init                      0x08003b9d   Thumb Code    48  usart.o(i.MX_USART3_UART_Init)
    MemManage_Handler                        0x08003bd5   Thumb Code     2  stm32f1xx_it.o(i.MemManage_Handler)
    NMI_Handler                              0x08003bd7   Thumb Code     2  stm32f1xx_it.o(i.NMI_Handler)
    PendSV_Handler                           0x08003bf9   Thumb Code     2  stm32f1xx_it.o(i.PendSV_Handler)
    SVC_Handler                              0x08003bfb   Thumb Code     2  stm32f1xx_it.o(i.SVC_Handler)
    State_Data_Trans_Packing                 0x08003bfd   Thumb Code    66  main.o(i.State_Data_Trans_Packing)
    SysTick_Handler                          0x08003c49   Thumb Code    14  stm32f1xx_it.o(i.SysTick_Handler)
    SystemClock_Config                       0x08003c57   Thumb Code   126  main.o(i.SystemClock_Config)
    SystemInit                               0x08003cd5   Thumb Code    56  system_stm32f1xx.o(i.SystemInit)
    TIM2_IRQHandler                          0x08003d1d   Thumb Code     6  stm32f1xx_it.o(i.TIM2_IRQHandler)
    TIM5_IRQHandler                          0x08003d29   Thumb Code     6  stm32f1xx_it.o(i.TIM5_IRQHandler)
    TIM_Base_SetConfig                       0x08003d35   Thumb Code   112  stm32f1xx_hal_tim.o(i.TIM_Base_SetConfig)
    TIM_CCxChannelCmd                        0x08003db9   Thumb Code    22  stm32f1xx_hal_tim.o(i.TIM_CCxChannelCmd)
    TIM_OC2_SetConfig                        0x08003e31   Thumb Code    98  stm32f1xx_hal_tim.o(i.TIM_OC2_SetConfig)
    TIM_TI1_SetConfig                        0x08003f55   Thumb Code    88  stm32f1xx_hal_tim.o(i.TIM_TI1_SetConfig)
    USART3_IRQHandler                        0x080042cd   Thumb Code     6  stm32f1xx_it.o(i.USART3_IRQHandler)
    UsageFault_Handler                       0x080042d9   Thumb Code     2  stm32f1xx_it.o(i.UsageFault_Handler)
    Variable_Init                            0x080042dd   Thumb Code   104  main.o(i.Variable_Init)
    WriteFlash                               0x0800436d   Thumb Code    54  main.o(i.WriteFlash)
    __scatterload_copy                       0x080043ad   Thumb Code    14  handlers.o(i.__scatterload_copy)
    __scatterload_null                       0x080043bb   Thumb Code     2  handlers.o(i.__scatterload_null)
    __scatterload_zeroinit                   0x080043bd   Thumb Code    14  handlers.o(i.__scatterload_zeroinit)
    main                                     0x080043cd   Thumb Code  1450  main.o(i.main)
    AHBPrescTable                            0x0800499c   Data          16  system_stm32f1xx.o(.constdata)
    APBPrescTable                            0x080049ac   Data           8  system_stm32f1xx.o(.constdata)
    Region$$Table$$Base                      0x080049b4   Number         0  anon$$obj.o(Region$$Table)
    Region$$Table$$Limit                     0x080049d4   Number         0  anon$$obj.o(Region$$Table)
    CapCnt                                   0x20000000   Data           1  main.o(.data)
    Charger_ID                               0x20000001   Data           1  main.o(.data)
    Charger_State                            0x20000002   Data           1  main.o(.data)
    Charger_Start_Permission                 0x20000003   Data           1  main.o(.data)
    WorkMode_Rec                             0x20000004   Data           1  main.o(.data)
    Relay_State                              0x20000005   Data           1  main.o(.data)
    Fault_Type                               0x20000006   Data           1  main.o(.data)
    Frequency_Scan_State                     0x20000007   Data           1  main.o(.data)
    Trans_OverCurrent_Alert                  0x20000008   Data           1  main.o(.data)
    Trans_OverCurrent_Alert_Read             0x20000009   Data           1  main.o(.data)
    Low_Efficiency_Cnt                       0x2000000a   Data           1  main.o(.data)
    Low_Efficiency_Restart_Cnt               0x2000000b   Data           1  main.o(.data)
    RmtSta                                   0x2000000c   Data           1  main.o(.data)
    RDATA                                    0x2000000d   Data           1  main.o(.data)
    Zhen_Jiaoyan                             0x2000000e   Data           1  main.o(.data)
    Data_Jiaoyan                             0x2000000f   Data           1  main.o(.data)
    Flag_Infrared_Error                      0x20000010   Data           1  main.o(.data)
    Infrared_Error_Location                  0x20000011   Data           1  main.o(.data)
    Flag_Infrared_Data_OK                    0x20000012   Data           1  main.o(.data)
    Flag_Trans_Done                          0x20000013   Data           1  main.o(.data)
    Flag_Rece_Done                           0x20000014   Data           1  main.o(.data)
    TimeCnt485                               0x20000015   Data           1  main.o(.data)
    Flag_StartByte                           0x20000016   Data           1  main.o(.data)
    Byte_Cnt                                 0x20000017   Data           1  main.o(.data)
    Data_ReceSingle                          0x20000018   Data           1  main.o(.data)
    Flag_485_Reset                           0x20000019   Data           1  main.o(.data)
    Flag_Temp_Refresh                        0x2000001a   Data           1  main.o(.data)
    Vot_Limit_Rec                            0x2000001c   Data           2  main.o(.data)
    Cur_Limit_Rec                            0x2000001e   Data           2  main.o(.data)
    Vot_Rec_Buck_In                          0x20000020   Data           2  main.o(.data)
    Duty_Rec_Buck                            0x20000022   Data           2  main.o(.data)
    Vot_Rec_Buck_Out                         0x20000024   Data           2  main.o(.data)
    Cur_Rec_Buck                             0x20000026   Data           2  main.o(.data)
    Temp_Rec_Battery                         0x20000028   Data           2  main.o(.data)
    Vot_Trans_Buck_In                        0x2000002a   Data           2  main.o(.data)
    Duty_Trans_Buck                          0x2000002c   Data           2  main.o(.data)
    Vot_Trans_Buck_Out                       0x2000002e   Data           2  main.o(.data)
    Cur_Trans_Buck                           0x20000030   Data           2  main.o(.data)
    Temp_Trans_MOS                           0x20000032   Data           2  main.o(.data)
    Freq_Value                               0x20000034   Data           2  main.o(.data)
    Max_Cur_Trans_Buck                       0x20000036   Data           2  main.o(.data)
    Vot_Limit_Trans                          0x20000038   Data           2  main.o(.data)
    Cur_Limit_Trans                          0x2000003a   Data           2  main.o(.data)
    Charging_ComptCnt                        0x2000003c   Data           2  main.o(.data)
    Tep                                      0x2000003e   Data           2  main.o(.data)
    Infrared_Decode_Error_Cnt                0x20000040   Data           2  main.o(.data)
    Infrared_Charging_Waiting_Cnt            0x20000042   Data           2  main.o(.data)
    Infrared_Total_Waiting_Cnt               0x20000044   Data           2  main.o(.data)
    Field_Vot_Trans_Buck_In                  0x20000046   Data           2  main.o(.data)
    Field_Duty_Trans_Buck                    0x20000048   Data           2  main.o(.data)
    Field_Vot_Trans_Buck_Out                 0x2000004a   Data           2  main.o(.data)
    Field_Cur_Trans_Buck                     0x2000004c   Data           2  main.o(.data)
    Field_Temp_Trans_MOS                     0x2000004e   Data           2  main.o(.data)
    Field_Vot_Rec_Buck_In                    0x20000050   Data           2  main.o(.data)
    Field_Duty_Rec_Buck                      0x20000052   Data           2  main.o(.data)
    Field_Vot_Rec_Buck_Out                   0x20000054   Data           2  main.o(.data)
    Field_Cur_Rec_Buck                       0x20000056   Data           2  main.o(.data)
    Field_Temp_Rec_Battery                   0x20000058   Data           2  main.o(.data)
    Temp_Refresh_Cnt                         0x2000005a   Data           2  main.o(.data)
    RmtRec                                   0x2000005c   Data           4  main.o(.data)
    RmtRecTx                                 0x20000060   Data           4  main.o(.data)
    Bike_ID                                  0x20000064   Data           4  main.o(.data)
    Fre_Trans_Inverter                       0x20000068   Data           4  main.o(.data)
    Max_Cur_Trans_Frequency                  0x2000006c   Data           4  main.o(.data)
    Infrared_Rec_Succ_Cnt                    0x20000070   Data           4  main.o(.data)
    Infrared_Waiting_First_Cnt               0x20000074   Data           4  main.o(.data)
    Infrared_Waiting_First_First_Cnt         0x20000078   Data           4  main.o(.data)
    Infrared_Waiting_First_Second_Cnt        0x2000007c   Data           4  main.o(.data)
    Infrared_Waiting_First_Third_Cnt         0x20000080   Data           4  main.o(.data)
    Infrared_Waiting_Second_Cnt              0x20000084   Data           4  main.o(.data)
    Infrared_Waiting_Third_Cnt               0x20000088   Data           4  main.o(.data)
    Infrared_Rec_Error_Cnt                   0x2000008c   Data           4  main.o(.data)
    Infrary_First_Data_First                 0x20000090   Data           4  main.o(.data)
    Infrary_First_Data_Second                0x20000094   Data           4  main.o(.data)
    Infrary_First_Data_Third                 0x20000098   Data           4  main.o(.data)
    Field_Freq_Value                         0x2000009c   Data           4  main.o(.data)
    ReadFlashData                            0x200000a0   Data           4  main.o(.data)
    Data_ReceArray                           0x200000a4   Data           8  main.o(.data)
    Power_Trans                              0x200000b0   Data           8  main.o(.data)
    Power_Trans_Refer                        0x200000b8   Data           8  main.o(.data)
    Power_Rece                               0x200000c0   Data           8  main.o(.data)
    Efficiency                               0x200000c8   Data           8  main.o(.data)
    Power_Trans_Refer_Upper                  0x200000d0   Data           8  main.o(.data)
    K_Power_Trans                            0x200000d8   Data           8  main.o(.data)
    K_Power_Rece                             0x200000e0   Data           8  main.o(.data)
    SystemCoreClock                          0x200000e8   Data           4  system_stm32f1xx.o(.data)
    ADC_ConvertedValue                       0x200000f0   Data          16  main.o(.bss)
    Dval                                     0x20000100   Data          70  main.o(.bss)
    All_Data_Package                         0x20000146   Data          58  main.o(.bss)
    Fault_Data_Package                       0x20000180   Data          31  main.o(.bss)
    State_Data_Package                       0x2000019f   Data          11  main.o(.bss)
    Limit_Data_Package                       0x200001aa   Data          11  main.o(.bss)
    Frequency_Data_Package                   0x200001b5   Data          11  main.o(.bss)
    huart3                                   0x200001c0   Data          64  usart.o(.bss)
    hdma_usart3_tx                           0x20000200   Data          56  usart.o(.bss)
    htim1                                    0x20000238   Data          60  tim.o(.bss)
    htim2                                    0x20000274   Data          60  tim.o(.bss)
    htim5                                    0x200002b0   Data          60  tim.o(.bss)
    hadc1                                    0x200002ec   Data          48  adc.o(.bss)
    hdma_adc1                                0x2000031c   Data          56  adc.o(.bss)
    hiwdg                                    0x20000354   Data          16  iwdg.o(.bss)
    pFlash                                   0x20000368   Data          32  stm32f1xx_hal_flash.o(.bss)
    __initial_sp                             0x20000788   Data           0  startup_stm32f103xe.o(STACK)



==============================================================================

Memory Map of the image

  Image Entry point : 0x08000131

  Load Region LR_IROM1 (Base: 0x08000000, Size: 0x00004ac4, Max: 0x00040000, ABSOLUTE)

    Execution Region ER_IROM1 (Base: 0x08000000, Size: 0x000049d4, Max: 0x00040000, ABSOLUTE)

    Base Addr    Size         Type   Attr      Idx    E Section Name        Object

    0x08000000   0x00000130   Data   RO            3    RESET               startup_stm32f103xe.o
    0x08000130   0x00000000   Code   RO         3052  * .ARM.Collect$$$$00000000  mc_w.l(entry.o)
    0x08000130   0x00000004   Code   RO         3071    .ARM.Collect$$$$00000001  mc_w.l(entry2.o)
    0x08000134   0x00000004   Code   RO         3074    .ARM.Collect$$$$00000004  mc_w.l(entry5.o)
    0x08000138   0x00000000   Code   RO         3076    .ARM.Collect$$$$00000008  mc_w.l(entry7b.o)
    0x08000138   0x00000000   Code   RO         3078    .ARM.Collect$$$$0000000A  mc_w.l(entry8b.o)
    0x08000138   0x00000008   Code   RO         3079    .ARM.Collect$$$$0000000B  mc_w.l(entry9a.o)
    0x08000140   0x00000000   Code   RO         3081    .ARM.Collect$$$$0000000D  mc_w.l(entry10a.o)
    0x08000140   0x00000000   Code   RO         3083    .ARM.Collect$$$$0000000F  mc_w.l(entry11a.o)
    0x08000140   0x00000004   Code   RO         3072    .ARM.Collect$$$$00002712  mc_w.l(entry2.o)
    0x08000144   0x00000024   Code   RO            4    .text               startup_stm32f103xe.o
    0x08000168   0x00000020   Code   RO         3055    .text               mc_w.l(llushr.o)
    0x08000188   0x0000014e   Code   RO         3057    .text               mf_w.l(dadd.o)
    0x080002d6   0x000000e4   Code   RO         3059    .text               mf_w.l(dmul.o)
    0x080003ba   0x000000de   Code   RO         3061    .text               mf_w.l(ddiv.o)
    0x08000498   0x00000022   Code   RO         3063    .text               mf_w.l(dflti.o)
    0x080004ba   0x0000001a   Code   RO         3065    .text               mf_w.l(dfltui.o)
    0x080004d4   0x00000030   Code   RO         3067    .text               mf_w.l(cdcmple.o)
    0x08000504   0x00000030   Code   RO         3069    .text               mf_w.l(cdrcmple.o)
    0x08000534   0x0000001e   Code   RO         3085    .text               mc_w.l(llshl.o)
    0x08000552   0x00000024   Code   RO         3087    .text               mc_w.l(llsshr.o)
    0x08000576   0x00000000   Code   RO         3089    .text               mc_w.l(iusefp.o)
    0x08000576   0x000000ba   Code   RO         3090    .text               mf_w.l(depilogue.o)
    0x08000630   0x00000024   Code   RO         3092    .text               mc_w.l(init.o)
    0x08000654   0x0000000c   Code   RO          407    i.ADC1_2_IRQHandler  stm32f1xx_it.o
    0x08000660   0x0000004c   Code   RO         1951    i.ADC_ConversionStop_Disable  stm32f1xx_hal_adc.o
    0x080006ac   0x0000004e   Code   RO         1952    i.ADC_DMAConvCplt   stm32f1xx_hal_adc.o
    0x080006fa   0x0000001a   Code   RO         1953    i.ADC_DMAError      stm32f1xx_hal_adc.o
    0x08000714   0x0000000a   Code   RO         1954    i.ADC_DMAHalfConvCplt  stm32f1xx_hal_adc.o
    0x0800071e   0x00000002   PAD
    0x08000720   0x00000070   Code   RO         1955    i.ADC_Enable        stm32f1xx_hal_adc.o
    0x08000790   0x00000188   Code   RO           13    i.All_Data_Trans_Packing  main.o
    0x08000918   0x00000002   Code   RO          408    i.BusFault_Handler  stm32f1xx_it.o
    0x0800091a   0x00000002   PAD
    0x0800091c   0x0000005c   Code   RO           14    i.Charging_Preparing  main.o
    0x08000978   0x00000050   Code   RO           15    i.Charging_Stopping  main.o
    0x080009c8   0x0000000c   Code   RO          409    i.DMA1_Channel1_IRQHandler  stm32f1xx_it.o
    0x080009d4   0x0000000c   Code   RO          410    i.DMA1_Channel2_IRQHandler  stm32f1xx_it.o
    0x080009e0   0x0000001e   Code   RO         2576    i.DMA_SetConfig     stm32f1xx_hal_dma.o
    0x080009fe   0x00000002   PAD
    0x08000a00   0x00000050   Code   RO           16    i.Data_Decode       main.o
    0x08000a50   0x00000002   Code   RO          411    i.DebugMon_Handler  stm32f1xx_it.o
    0x08000a52   0x00000002   PAD
    0x08000a54   0x000000f4   Code   RO           18    i.Decode_First      main.o
    0x08000b48   0x00000058   Code   RO           19    i.Decode_Second     main.o
    0x08000ba0   0x0000006c   Code   RO           20    i.Decode_Third      main.o
    0x08000c0c   0x00000002   Code   RO           21    i.Error_Handler     main.o
    0x08000c0e   0x00000002   PAD
    0x08000c10   0x00000024   Code   RO         2366    i.FLASH_MassErase   stm32f1xx_hal_flash_ex.o
    0x08000c34   0x00000024   Code   RO         2371    i.FLASH_PageErase   stm32f1xx_hal_flash_ex.o
    0x08000c58   0x0000001c   Code   RO         2263    i.FLASH_Program_HalfWord  stm32f1xx_hal_flash.o
    0x08000c74   0x00000044   Code   RO         2264    i.FLASH_SetErrorCode  stm32f1xx_hal_flash.o
    0x08000cb8   0x00000054   Code   RO         2265    i.FLASH_WaitForLastOperation  stm32f1xx_hal_flash.o
    0x08000d0c   0x000000f0   Code   RO           22    i.Fault_Data_Trans_Packing  main.o
    0x08000dfc   0x00000040   Code   RO           23    i.Fault_Field_Save  main.o
    0x08000e3c   0x00000054   Code   RO           24    i.Frequency_Data_Trans_Packing  main.o
    0x08000e90   0x00000110   Code   RO           25    i.Frequency_Scan    main.o
    0x08000fa0   0x00000148   Code   RO           26    i.Frequency_Scan485  main.o
    0x080010e8   0x00000002   Code   RO         2133    i.HAL_ADCEx_InjectedConvCpltCallback  stm32f1xx_hal_adc_ex.o
    0x080010ea   0x00000002   PAD
    0x080010ec   0x00000168   Code   RO         1957    i.HAL_ADC_ConfigChannel  stm32f1xx_hal_adc.o
    0x08001254   0x00000120   Code   RO           27    i.HAL_ADC_ConvCpltCallback  main.o
    0x08001374   0x00000002   Code   RO         1959    i.HAL_ADC_ConvHalfCpltCallback  stm32f1xx_hal_adc.o
    0x08001376   0x00000002   Code   RO         1961    i.HAL_ADC_ErrorCallback  stm32f1xx_hal_adc.o
    0x08001378   0x000000e6   Code   RO         1965    i.HAL_ADC_IRQHandler  stm32f1xx_hal_adc.o
    0x0800145e   0x00000002   PAD
    0x08001460   0x00000148   Code   RO         1966    i.HAL_ADC_Init      stm32f1xx_hal_adc.o
    0x080015a8   0x00000002   Code   RO         1967    i.HAL_ADC_LevelOutOfWindowCallback  stm32f1xx_hal_adc.o
    0x080015aa   0x00000002   PAD
    0x080015ac   0x00000084   Code   RO          592    i.HAL_ADC_MspInit   adc.o
    0x08001630   0x0000010c   Code   RO         1973    i.HAL_ADC_Start_DMA  stm32f1xx_hal_adc.o
    0x0800173c   0x000004b8   Code   RO         2581    i.HAL_DMA_IRQHandler  stm32f1xx_hal_dma.o
    0x08001bf4   0x00000050   Code   RO         2582    i.HAL_DMA_Init      stm32f1xx_hal_dma.o
    0x08001c44   0x00000058   Code   RO         2585    i.HAL_DMA_Start_IT  stm32f1xx_hal_dma.o
    0x08001c9c   0x00000016   Code   RO         1489    i.HAL_Delay         stm32f1xx_hal.o
    0x08001cb2   0x00000002   PAD
    0x08001cb4   0x000000a8   Code   RO         2372    i.HAL_FLASHEx_Erase  stm32f1xx_hal_flash_ex.o
    0x08001d5c   0x00000014   Code   RO         2269    i.HAL_FLASH_Lock    stm32f1xx_hal_flash.o
    0x08001d70   0x00000080   Code   RO         2274    i.HAL_FLASH_Program  stm32f1xx_hal_flash.o
    0x08001df0   0x00000024   Code   RO         2276    i.HAL_FLASH_Unlock  stm32f1xx_hal_flash.o
    0x08001e14   0x000001e8   Code   RO         1655    i.HAL_GPIO_Init     stm32f1xx_hal_gpio.o
    0x08001ffc   0x00000008   Code   RO         1658    i.HAL_GPIO_TogglePin  stm32f1xx_hal_gpio.o
    0x08002004   0x0000000a   Code   RO         1659    i.HAL_GPIO_WritePin  stm32f1xx_hal_gpio.o
    0x0800200e   0x00000002   PAD
    0x08002010   0x0000000c   Code   RO         1493    i.HAL_GetTick       stm32f1xx_hal.o
    0x0800201c   0x0000005a   Code   RO         3008    i.HAL_IWDG_Init     stm32f1xx_hal_iwdg.o
    0x08002076   0x00000002   Code   RO         3009    i.HAL_IWDG_MspInit  stm32f1xx_hal_iwdg.o
    0x08002078   0x00000054   Code   RO         3010    i.HAL_IWDG_Refresh  stm32f1xx_hal_iwdg.o
    0x080020cc   0x0000002a   Code   RO         3011    i.HAL_IWDG_Start    stm32f1xx_hal_iwdg.o
    0x080020f6   0x00000002   PAD
    0x080020f8   0x00000010   Code   RO         1494    i.HAL_IncTick       stm32f1xx_hal.o
    0x08002108   0x00000024   Code   RO         1495    i.HAL_Init          stm32f1xx_hal.o
    0x0800212c   0x00000022   Code   RO         1496    i.HAL_InitTick      stm32f1xx_hal.o
    0x0800214e   0x00000002   PAD
    0x08002150   0x00000080   Code   RO          657    i.HAL_MspInit       stm32f1xx_hal_msp.o
    0x080021d0   0x00000016   Code   RO         2892    i.HAL_NVIC_EnableIRQ  stm32f1xx_hal_cortex.o
    0x080021e6   0x00000002   PAD
    0x080021e8   0x00000040   Code   RO         2898    i.HAL_NVIC_SetPriority  stm32f1xx_hal_cortex.o
    0x08002228   0x00000024   Code   RO         2899    i.HAL_NVIC_SetPriorityGrouping  stm32f1xx_hal_cortex.o
    0x0800224c   0x0000012c   Code   RO         1618    i.HAL_RCCEx_PeriphCLKConfig  stm32f1xx_hal_rcc_ex.o
    0x08002378   0x00000188   Code   RO         1381    i.HAL_RCC_ClockConfig  stm32f1xx_hal_rcc.o
    0x08002500   0x0000000c   Code   RO         1386    i.HAL_RCC_GetHCLKFreq  stm32f1xx_hal_rcc.o
    0x0800250c   0x00000030   Code   RO         1388    i.HAL_RCC_GetPCLK1Freq  stm32f1xx_hal_rcc.o
    0x0800253c   0x00000030   Code   RO         1389    i.HAL_RCC_GetPCLK2Freq  stm32f1xx_hal_rcc.o
    0x0800256c   0x00000088   Code   RO         1390    i.HAL_RCC_GetSysClockFreq  stm32f1xx_hal_rcc.o
    0x080025f4   0x0000057e   Code   RO         1393    i.HAL_RCC_OscConfig  stm32f1xx_hal_rcc.o
    0x08002b72   0x00000018   Code   RO         2901    i.HAL_SYSTICK_CLKSourceConfig  stm32f1xx_hal_cortex.o
    0x08002b8a   0x00000002   PAD
    0x08002b8c   0x000000cc   Code   RO           28    i.HAL_SYSTICK_Callback  main.o
    0x08002c58   0x00000028   Code   RO         2903    i.HAL_SYSTICK_Config  stm32f1xx_hal_cortex.o
    0x08002c80   0x00000008   Code   RO         2904    i.HAL_SYSTICK_IRQHandler  stm32f1xx_hal_cortex.o
    0x08002c88   0x00000002   Code   RO         1718    i.HAL_TIMEx_BreakCallback  stm32f1xx_hal_tim_ex.o
    0x08002c8a   0x00000002   Code   RO         1719    i.HAL_TIMEx_CommutationCallback  stm32f1xx_hal_tim_ex.o
    0x08002c8c   0x00000042   Code   RO         1720    i.HAL_TIMEx_ConfigBreakDeadTime  stm32f1xx_hal_tim_ex.o
    0x08002cce   0x00000050   Code   RO         1735    i.HAL_TIMEx_MasterConfigSynchronization  stm32f1xx_hal_tim_ex.o
    0x08002d1e   0x00000018   Code   RO          756    i.HAL_TIM_Base_Start_IT  stm32f1xx_hal_tim.o
    0x08002d36   0x0000002a   Code   RO          759    i.HAL_TIM_Base_Stop_IT  stm32f1xx_hal_tim.o
    0x08002d60   0x000000e0   Code   RO           29    i.HAL_TIM_IC_CaptureCallback  main.o
    0x08002e40   0x0000011e   Code   RO          781    i.HAL_TIM_IC_ConfigChannel  stm32f1xx_hal_tim.o
    0x08002f5e   0x00000036   Code   RO          784    i.HAL_TIM_IC_Init   stm32f1xx_hal_tim.o
    0x08002f94   0x00000060   Code   RO          520    i.HAL_TIM_IC_MspInit  tim.o
    0x08002ff4   0x0000004c   Code   RO          789    i.HAL_TIM_IC_Start_IT  stm32f1xx_hal_tim.o
    0x08003040   0x00000166   Code   RO          793    i.HAL_TIM_IRQHandler  stm32f1xx_hal_tim.o
    0x080031a6   0x00000002   PAD
    0x080031a8   0x0000003c   Code   RO          521    i.HAL_TIM_MspPostInit  tim.o
    0x080031e4   0x0000002c   Code   RO           30    i.HAL_TIM_OC_DelayElapsedCallback  main.o
    0x08003210   0x0000006c   Code   RO          803    i.HAL_TIM_OC_Start_IT  stm32f1xx_hal_tim.o
    0x0800327c   0x00000088   Code   RO          806    i.HAL_TIM_OC_Stop_IT  stm32f1xx_hal_tim.o
    0x08003304   0x000000d0   Code   RO          817    i.HAL_TIM_PWM_ConfigChannel  stm32f1xx_hal_tim.o
    0x080033d4   0x00000036   Code   RO          820    i.HAL_TIM_PWM_Init  stm32f1xx_hal_tim.o
    0x0800340a   0x00000002   PAD
    0x0800340c   0x00000054   Code   RO          523    i.HAL_TIM_PWM_MspInit  tim.o
    0x08003460   0x00000002   Code   RO          823    i.HAL_TIM_PWM_PulseFinishedCallback  stm32f1xx_hal_tim.o
    0x08003462   0x00000002   PAD
    0x08003464   0x00000054   Code   RO           31    i.HAL_TIM_PeriodElapsedCallback  main.o
    0x080034b8   0x00000002   Code   RO          834    i.HAL_TIM_TriggerCallback  stm32f1xx_hal_tim.o
    0x080034ba   0x00000002   Code   RO         2665    i.HAL_UART_ErrorCallback  stm32f1xx_hal_uart.o
    0x080034bc   0x00000006   Code   RO         2667    i.HAL_UART_GetState  stm32f1xx_hal_uart.o
    0x080034c2   0x00000002   PAD
    0x080034c4   0x000000da   Code   RO         2668    i.HAL_UART_IRQHandler  stm32f1xx_hal_uart.o
    0x0800359e   0x0000005e   Code   RO         2669    i.HAL_UART_Init     stm32f1xx_hal_uart.o
    0x080035fc   0x000000ac   Code   RO          354    i.HAL_UART_MspInit  usart.o
    0x080036a8   0x0000006a   Code   RO         2674    i.HAL_UART_Receive_IT  stm32f1xx_hal_uart.o
    0x08003712   0x00000002   PAD
    0x08003714   0x00000054   Code   RO           32    i.HAL_UART_RxCpltCallback  main.o
    0x08003768   0x00000090   Code   RO         2678    i.HAL_UART_Transmit_DMA  stm32f1xx_hal_uart.o
    0x080037f8   0x00000030   Code   RO           33    i.HAL_UART_TxCpltCallback  main.o
    0x08003828   0x00000002   Code   RO         2681    i.HAL_UART_TxHalfCpltCallback  stm32f1xx_hal_uart.o
    0x0800382a   0x00000002   Code   RO          412    i.HardFault_Handler  stm32f1xx_it.o
    0x0800382c   0x00000050   Code   RO           34    i.Limit_Data_Trans_Packing  main.o
    0x0800387c   0x0000008c   Code   RO          593    i.MX_ADC1_Init      adc.o
    0x08003908   0x0000003c   Code   RO          633    i.MX_DMA_Init       dma.o
    0x08003944   0x000000e4   Code   RO          319    i.MX_GPIO_Init      gpio.o
    0x08003a28   0x0000002c   Code   RO          681    i.MX_IWDG_Init      iwdg.o
    0x08003a54   0x00000088   Code   RO          524    i.MX_TIM1_Init      tim.o
    0x08003adc   0x00000060   Code   RO          525    i.MX_TIM2_Init      tim.o
    0x08003b3c   0x00000060   Code   RO          526    i.MX_TIM5_Init      tim.o
    0x08003b9c   0x00000038   Code   RO          355    i.MX_USART3_UART_Init  usart.o
    0x08003bd4   0x00000002   Code   RO          413    i.MemManage_Handler  stm32f1xx_it.o
    0x08003bd6   0x00000002   Code   RO          414    i.NMI_Handler       stm32f1xx_it.o
    0x08003bd8   0x00000020   Code   RO         2905    i.NVIC_SetPriority  stm32f1xx_hal_cortex.o
    0x08003bf8   0x00000002   Code   RO          415    i.PendSV_Handler    stm32f1xx_it.o
    0x08003bfa   0x00000002   Code   RO          416    i.SVC_Handler       stm32f1xx_it.o
    0x08003bfc   0x0000004c   Code   RO           36    i.State_Data_Trans_Packing  main.o
    0x08003c48   0x0000000e   Code   RO          417    i.SysTick_Handler   stm32f1xx_it.o
    0x08003c56   0x0000007e   Code   RO           37    i.SystemClock_Config  main.o
    0x08003cd4   0x00000048   Code   RO          712    i.SystemInit        system_stm32f1xx.o
    0x08003d1c   0x0000000c   Code   RO          418    i.TIM2_IRQHandler   stm32f1xx_it.o
    0x08003d28   0x0000000c   Code   RO          419    i.TIM5_IRQHandler   stm32f1xx_it.o
    0x08003d34   0x00000084   Code   RO          835    i.TIM_Base_SetConfig  stm32f1xx_hal_tim.o
    0x08003db8   0x00000016   Code   RO          836    i.TIM_CCxChannelCmd  stm32f1xx_hal_tim.o
    0x08003dce   0x00000002   PAD
    0x08003dd0   0x00000060   Code   RO          844    i.TIM_OC1_SetConfig  stm32f1xx_hal_tim.o
    0x08003e30   0x0000006c   Code   RO          845    i.TIM_OC2_SetConfig  stm32f1xx_hal_tim.o
    0x08003e9c   0x00000068   Code   RO          846    i.TIM_OC3_SetConfig  stm32f1xx_hal_tim.o
    0x08003f04   0x00000050   Code   RO          847    i.TIM_OC4_SetConfig  stm32f1xx_hal_tim.o
    0x08003f54   0x0000006c   Code   RO          850    i.TIM_TI1_SetConfig  stm32f1xx_hal_tim.o
    0x08003fc0   0x00000036   Code   RO          852    i.TIM_TI2_SetConfig  stm32f1xx_hal_tim.o
    0x08003ff6   0x0000001e   Code   RO         2682    i.UART_DMAError     stm32f1xx_hal_uart.o
    0x08004014   0x0000002e   Code   RO         2685    i.UART_DMATransmitCplt  stm32f1xx_hal_uart.o
    0x08004042   0x0000000a   Code   RO         2686    i.UART_DMATxHalfCplt  stm32f1xx_hal_uart.o
    0x0800404c   0x000000a8   Code   RO         2687    i.UART_Receive_IT   stm32f1xx_hal_uart.o
    0x080040f4   0x00000170   Code   RO         2688    i.UART_SetConfig    stm32f1xx_hal_uart.o
    0x08004264   0x00000066   Code   RO         2689    i.UART_Transmit_IT  stm32f1xx_hal_uart.o
    0x080042ca   0x00000002   PAD
    0x080042cc   0x0000000c   Code   RO          420    i.USART3_IRQHandler  stm32f1xx_it.o
    0x080042d8   0x00000002   Code   RO          421    i.UsageFault_Handler  stm32f1xx_it.o
    0x080042da   0x00000002   PAD
    0x080042dc   0x00000090   Code   RO           38    i.Variable_Init     main.o
    0x0800436c   0x00000040   Code   RO           39    i.WriteFlash        main.o
    0x080043ac   0x0000000e   Code   RO         3096    i.__scatterload_copy  mc_w.l(handlers.o)
    0x080043ba   0x00000002   Code   RO         3097    i.__scatterload_null  mc_w.l(handlers.o)
    0x080043bc   0x0000000e   Code   RO         3098    i.__scatterload_zeroinit  mc_w.l(handlers.o)
    0x080043ca   0x00000002   PAD
    0x080043cc   0x000005d0   Code   RO           40    i.main              main.o
    0x0800499c   0x00000010   Data   RO          713    .constdata          system_stm32f1xx.o
    0x080049ac   0x00000008   Data   RO          714    .constdata          system_stm32f1xx.o
    0x080049b4   0x00000020   Data   RO         3094    Region$$Table       anon$$obj.o


    Execution Region RW_IRAM1 (Base: 0x20000000, Size: 0x00000788, Max: 0x0000c000, ABSOLUTE)

    Base Addr    Size         Type   Attr      Idx    E Section Name        Object

    0x20000000   0x000000e8   Data   RW           42    .data               main.o
    0x200000e8   0x00000004   Data   RW          715    .data               system_stm32f1xx.o
    0x200000ec   0x00000004   Data   RW         1501    .data               stm32f1xx_hal.o
    0x200000f0   0x000000d0   Zero   RW           41    .bss                main.o
    0x200001c0   0x00000078   Zero   RW          358    .bss                usart.o
    0x20000238   0x000000b4   Zero   RW          527    .bss                tim.o
    0x200002ec   0x00000068   Zero   RW          594    .bss                adc.o
    0x20000354   0x00000010   Zero   RW          682    .bss                iwdg.o
    0x20000364   0x00000004   PAD
    0x20000368   0x00000020   Zero   RW         2277    .bss                stm32f1xx_hal_flash.o
    0x20000388   0x00000400   Zero   RW            1    STACK               startup_stm32f103xe.o


==============================================================================

Image component sizes


      Code (inc. data)   RO Data    RW Data    ZI Data      Debug   Object Name

       272         28          0          0        104       1795   adc.o
        60          4          0          0          0        782   dma.o
       228         16          0          0          0       1003   gpio.o
        44          8          0          0         16        727   iwdg.o
      5028        394          0        232        208     552074   main.o
        36          8        304          0       1024        808   startup_stm32f103xe.o
       120         16          0          4          0       3734   stm32f1xx_hal.o
      1494         56          0          0          0       9623   stm32f1xx_hal_adc.o
         2          0          0          0          0       1129   stm32f1xx_hal_adc_ex.o
       226         14          0          0          0      27042   stm32f1xx_hal_cortex.o
      1406         20          0          0          0       3835   stm32f1xx_hal_dma.o
       364         46          0          0         32       4798   stm32f1xx_hal_flash.o
       240         26          0          0          0       3377   stm32f1xx_hal_flash_ex.o
       506         42          0          0          0       3713   stm32f1xx_hal_gpio.o
       218          0          0          0          0       3087   stm32f1xx_hal_iwdg.o
       128         10          0          0          0        882   stm32f1xx_hal_msp.o
      2042         98          0          0          0       5964   stm32f1xx_hal_rcc.o
       300         12          0          0          0       1360   stm32f1xx_hal_rcc_ex.o
      2054         94          0          0          0      16064   stm32f1xx_hal_tim.o
       150          0          0          0          0       3170   stm32f1xx_hal_tim_ex.o
      1296         18          0          0          0       9535   stm32f1xx_hal_uart.o
       102         36          0          0          0       6696   stm32f1xx_it.o
        72         16         24          4          0       1203   system_stm32f1xx.o
       568         60          0          0        180       4218   tim.o
       228         32          0          0        120       1813   usart.o

    ----------------------------------------------------------------------
     17228       1054        360        240       1688     668432   Object Totals
         0          0         32          0          0          0   (incl. Generated)
        44          0          0          0          4          0   (incl. Padding)

    ----------------------------------------------------------------------

      Code (inc. data)   RO Data    RW Data    ZI Data      Debug   Library Member Name

         0          0          0          0          0          0   entry.o
         0          0          0          0          0          0   entry10a.o
         0          0          0          0          0          0   entry11a.o
         8          4          0          0          0          0   entry2.o
         4          0          0          0          0          0   entry5.o
         0          0          0          0          0          0   entry7b.o
         0          0          0          0          0          0   entry8b.o
         8          4          0          0          0          0   entry9a.o
        30          0          0          0          0          0   handlers.o
        36          8          0          0          0         68   init.o
         0          0          0          0          0          0   iusefp.o
        30          0          0          0          0         68   llshl.o
        36          0          0          0          0         68   llsshr.o
        32          0          0          0          0         68   llushr.o
        48          0          0          0          0         68   cdcmple.o
        48          0          0          0          0         68   cdrcmple.o
       334          0          0          0          0        148   dadd.o
       222          0          0          0          0        100   ddiv.o
       186          0          0          0          0        176   depilogue.o
        34          0          0          0          0         76   dflti.o
        26          0          0          0          0         76   dfltui.o
       228          0          0          0          0         96   dmul.o

    ----------------------------------------------------------------------
      1312         16          0          0          0       1080   Library Totals
         2          0          0          0          0          0   (incl. Padding)

    ----------------------------------------------------------------------

      Code (inc. data)   RO Data    RW Data    ZI Data      Debug   Library Name

       184         16          0          0          0        272   mc_w.l
      1126          0          0          0          0        808   mf_w.l

    ----------------------------------------------------------------------
      1312         16          0          0          0       1080   Library Totals

    ----------------------------------------------------------------------

==============================================================================


      Code (inc. data)   RO Data    RW Data    ZI Data      Debug   

     18540       1070        360        240       1688     661812   Grand Totals
     18540       1070        360        240       1688     661812   ELF Image Totals
     18540       1070        360        240          0          0   ROM Totals

==============================================================================

    Total RO  Size (Code + RO Data)                18900 (  18.46kB)
    Total RW  Size (RW Data + ZI Data)              1928 (   1.88kB)
    Total ROM Size (Code + RO Data + RW Data)      19140 (  18.69kB)

==============================================================================

